Archive member included to satisfy reference by file (symbol)

/opt/riscv32imc/bin/../lib/gcc/riscv32-unknown-elf/8.2.0/libgcc.a(_udivdi3.o)
                              obj/libnklabs/src/nkprintf.o (__udivdi3)
/opt/riscv32imc/bin/../lib/gcc/riscv32-unknown-elf/8.2.0/libgcc.a(_umoddi3.o)
                              obj/libnklabs/src/nkprintf.o (__umoddi3)
/opt/riscv32imc/bin/../lib/gcc/riscv32-unknown-elf/8.2.0/libgcc.a(fixdfsi.o)
                              obj/libnklabs/src/nkserialize.o (__fixdfsi)
/opt/riscv32imc/bin/../lib/gcc/riscv32-unknown-elf/8.2.0/libgcc.a(fixunsdfsi.o)
                              obj/libnklabs/src/nkserialize.o (__fixunsdfsi)
/opt/riscv32imc/bin/../lib/gcc/riscv32-unknown-elf/8.2.0/libgcc.a(floatdidf.o)
                              obj/libnklabs/src/nkserialize.o (__floatdidf)
/opt/riscv32imc/bin/../lib/gcc/riscv32-unknown-elf/8.2.0/libgcc.a(floatundidf.o)
                              obj/libnklabs/src/nkserialize.o (__floatundidf)
/opt/riscv32imc/bin/../lib/gcc/riscv32-unknown-elf/8.2.0/libgcc.a(floatdisf.o)
                              obj/libnklabs/src/nkserialize.o (__floatdisf)
/opt/riscv32imc/bin/../lib/gcc/riscv32-unknown-elf/8.2.0/libgcc.a(floatundisf.o)
                              obj/libnklabs/src/nkserialize.o (__floatundisf)
/opt/riscv32imc/bin/../lib/gcc/riscv32-unknown-elf/8.2.0/libgcc.a(extendsfdf2.o)
                              obj/libnklabs/src/nkserialize.o (__extendsfdf2)
/opt/riscv32imc/bin/../lib/gcc/riscv32-unknown-elf/8.2.0/libgcc.a(truncdfsf2.o)
                              obj/libnklabs/src/nkserialize.o (__truncdfsf2)
/opt/riscv32imc/bin/../lib/gcc/riscv32-unknown-elf/8.2.0/libgcc.a(_lshrdi3.o)
                              /opt/riscv32imc/bin/../lib/gcc/riscv32-unknown-elf/8.2.0/libgcc.a(floatdidf.o) (__lshrdi3)
/opt/riscv32imc/bin/../lib/gcc/riscv32-unknown-elf/8.2.0/libgcc.a(_ashldi3.o)
                              /opt/riscv32imc/bin/../lib/gcc/riscv32-unknown-elf/8.2.0/libgcc.a(floatdidf.o) (__ashldi3)
/opt/riscv32imc/bin/../lib/gcc/riscv32-unknown-elf/8.2.0/libgcc.a(_clz.o)
                              /opt/riscv32imc/bin/../lib/gcc/riscv32-unknown-elf/8.2.0/libgcc.a(_udivdi3.o) (__clz_tab)
/opt/riscv32imc/bin/../lib/gcc/riscv32-unknown-elf/8.2.0/libgcc.a(_clzsi2.o)
                              /opt/riscv32imc/bin/../lib/gcc/riscv32-unknown-elf/8.2.0/libgcc.a(floatdidf.o) (__clzsi2)

Allocating common symbols
Common symbol       size              file

xfer_buf            0x80              obj/database.o
test_tid            0x4               obj/libnklabs/src/nksched.o
nk_cli_tid          0x4               obj/libnklabs/src/nkcli.o
cal                 0xc               obj/database.o
waiting_rx_task     0x4               obj/nkuart_riscv.o
ymodem_file         0xc               obj/nkymodem_cmd.o
tag                 0x1               obj/tunnel_fpga.o
waiting_rx_task_data
                    0x4               obj/nkuart_riscv.o
console_tid         0x4               obj/libnklabs/src/nkreadline.o
console_prompt      0x4               obj/libnklabs/src/nkreadline.o
cal_rev             0x1               obj/database.o
waiting_rx_tid      0x4               obj/nkuart_riscv.o
console_callback    0x4               obj/libnklabs/src/nkreadline.o

Discarded input sections

 .debug_info    0x0000000000000000     0x121a /opt/riscv32imc/bin/../lib/gcc/riscv32-unknown-elf/8.2.0/libgcc.a(_udivdi3.o)
 .debug_abbrev  0x0000000000000000      0x2cc /opt/riscv32imc/bin/../lib/gcc/riscv32-unknown-elf/8.2.0/libgcc.a(_udivdi3.o)
 .debug_loc     0x0000000000000000      0xc1c /opt/riscv32imc/bin/../lib/gcc/riscv32-unknown-elf/8.2.0/libgcc.a(_udivdi3.o)
 .debug_aranges
                0x0000000000000000       0x20 /opt/riscv32imc/bin/../lib/gcc/riscv32-unknown-elf/8.2.0/libgcc.a(_udivdi3.o)
 .debug_ranges  0x0000000000000000      0x100 /opt/riscv32imc/bin/../lib/gcc/riscv32-unknown-elf/8.2.0/libgcc.a(_udivdi3.o)
 .debug_line    0x0000000000000000      0x8c3 /opt/riscv32imc/bin/../lib/gcc/riscv32-unknown-elf/8.2.0/libgcc.a(_udivdi3.o)
 .debug_str     0x0000000000000000      0x81e /opt/riscv32imc/bin/../lib/gcc/riscv32-unknown-elf/8.2.0/libgcc.a(_udivdi3.o)
 .debug_info    0x0000000000000000     0x1278 /opt/riscv32imc/bin/../lib/gcc/riscv32-unknown-elf/8.2.0/libgcc.a(_umoddi3.o)
 .debug_abbrev  0x0000000000000000      0x2e8 /opt/riscv32imc/bin/../lib/gcc/riscv32-unknown-elf/8.2.0/libgcc.a(_umoddi3.o)
 .debug_loc     0x0000000000000000      0x969 /opt/riscv32imc/bin/../lib/gcc/riscv32-unknown-elf/8.2.0/libgcc.a(_umoddi3.o)
 .debug_aranges
                0x0000000000000000       0x20 /opt/riscv32imc/bin/../lib/gcc/riscv32-unknown-elf/8.2.0/libgcc.a(_umoddi3.o)
 .debug_ranges  0x0000000000000000       0xd0 /opt/riscv32imc/bin/../lib/gcc/riscv32-unknown-elf/8.2.0/libgcc.a(_umoddi3.o)
 .debug_line    0x0000000000000000      0x973 /opt/riscv32imc/bin/../lib/gcc/riscv32-unknown-elf/8.2.0/libgcc.a(_umoddi3.o)
 .debug_str     0x0000000000000000      0x81e /opt/riscv32imc/bin/../lib/gcc/riscv32-unknown-elf/8.2.0/libgcc.a(_umoddi3.o)
 .debug_info    0x0000000000000000      0x217 /opt/riscv32imc/bin/../lib/gcc/riscv32-unknown-elf/8.2.0/libgcc.a(fixdfsi.o)
 .debug_abbrev  0x0000000000000000      0x18a /opt/riscv32imc/bin/../lib/gcc/riscv32-unknown-elf/8.2.0/libgcc.a(fixdfsi.o)
 .debug_loc     0x0000000000000000      0x16d /opt/riscv32imc/bin/../lib/gcc/riscv32-unknown-elf/8.2.0/libgcc.a(fixdfsi.o)
 .debug_aranges
                0x0000000000000000       0x20 /opt/riscv32imc/bin/../lib/gcc/riscv32-unknown-elf/8.2.0/libgcc.a(fixdfsi.o)
 .debug_ranges  0x0000000000000000       0x18 /opt/riscv32imc/bin/../lib/gcc/riscv32-unknown-elf/8.2.0/libgcc.a(fixdfsi.o)
 .debug_line    0x0000000000000000      0x21b /opt/riscv32imc/bin/../lib/gcc/riscv32-unknown-elf/8.2.0/libgcc.a(fixdfsi.o)
 .debug_str     0x0000000000000000      0x241 /opt/riscv32imc/bin/../lib/gcc/riscv32-unknown-elf/8.2.0/libgcc.a(fixdfsi.o)
 .debug_frame   0x0000000000000000       0x20 /opt/riscv32imc/bin/../lib/gcc/riscv32-unknown-elf/8.2.0/libgcc.a(fixdfsi.o)
 .debug_info    0x0000000000000000      0x205 /opt/riscv32imc/bin/../lib/gcc/riscv32-unknown-elf/8.2.0/libgcc.a(fixunsdfsi.o)
 .debug_abbrev  0x0000000000000000      0x18a /opt/riscv32imc/bin/../lib/gcc/riscv32-unknown-elf/8.2.0/libgcc.a(fixunsdfsi.o)
 .debug_loc     0x0000000000000000       0xef /opt/riscv32imc/bin/../lib/gcc/riscv32-unknown-elf/8.2.0/libgcc.a(fixunsdfsi.o)
 .debug_aranges
                0x0000000000000000       0x20 /opt/riscv32imc/bin/../lib/gcc/riscv32-unknown-elf/8.2.0/libgcc.a(fixunsdfsi.o)
 .debug_ranges  0x0000000000000000       0x20 /opt/riscv32imc/bin/../lib/gcc/riscv32-unknown-elf/8.2.0/libgcc.a(fixunsdfsi.o)
 .debug_line    0x0000000000000000      0x1d0 /opt/riscv32imc/bin/../lib/gcc/riscv32-unknown-elf/8.2.0/libgcc.a(fixunsdfsi.o)
 .debug_str     0x0000000000000000      0x240 /opt/riscv32imc/bin/../lib/gcc/riscv32-unknown-elf/8.2.0/libgcc.a(fixunsdfsi.o)
 .debug_frame   0x0000000000000000       0x20 /opt/riscv32imc/bin/../lib/gcc/riscv32-unknown-elf/8.2.0/libgcc.a(fixunsdfsi.o)
 .debug_info    0x0000000000000000      0x2f5 /opt/riscv32imc/bin/../lib/gcc/riscv32-unknown-elf/8.2.0/libgcc.a(floatdidf.o)
 .debug_abbrev  0x0000000000000000      0x19f /opt/riscv32imc/bin/../lib/gcc/riscv32-unknown-elf/8.2.0/libgcc.a(floatdidf.o)
 .debug_loc     0x0000000000000000      0x250 /opt/riscv32imc/bin/../lib/gcc/riscv32-unknown-elf/8.2.0/libgcc.a(floatdidf.o)
 .debug_aranges
                0x0000000000000000       0x20 /opt/riscv32imc/bin/../lib/gcc/riscv32-unknown-elf/8.2.0/libgcc.a(floatdidf.o)
 .debug_ranges  0x0000000000000000       0x68 /opt/riscv32imc/bin/../lib/gcc/riscv32-unknown-elf/8.2.0/libgcc.a(floatdidf.o)
 .debug_line    0x0000000000000000      0x40b /opt/riscv32imc/bin/../lib/gcc/riscv32-unknown-elf/8.2.0/libgcc.a(floatdidf.o)
 .debug_str     0x0000000000000000      0x2e1 /opt/riscv32imc/bin/../lib/gcc/riscv32-unknown-elf/8.2.0/libgcc.a(floatdidf.o)
 .debug_frame   0x0000000000000000       0x4c /opt/riscv32imc/bin/../lib/gcc/riscv32-unknown-elf/8.2.0/libgcc.a(floatdidf.o)
 .debug_info    0x0000000000000000      0x2e8 /opt/riscv32imc/bin/../lib/gcc/riscv32-unknown-elf/8.2.0/libgcc.a(floatundidf.o)
 .debug_abbrev  0x0000000000000000      0x19f /opt/riscv32imc/bin/../lib/gcc/riscv32-unknown-elf/8.2.0/libgcc.a(floatundidf.o)
 .debug_loc     0x0000000000000000      0x2ec /opt/riscv32imc/bin/../lib/gcc/riscv32-unknown-elf/8.2.0/libgcc.a(floatundidf.o)
 .debug_aranges
                0x0000000000000000       0x20 /opt/riscv32imc/bin/../lib/gcc/riscv32-unknown-elf/8.2.0/libgcc.a(floatundidf.o)
 .debug_ranges  0x0000000000000000       0x68 /opt/riscv32imc/bin/../lib/gcc/riscv32-unknown-elf/8.2.0/libgcc.a(floatundidf.o)
 .debug_line    0x0000000000000000      0x3ef /opt/riscv32imc/bin/../lib/gcc/riscv32-unknown-elf/8.2.0/libgcc.a(floatundidf.o)
 .debug_str     0x0000000000000000      0x2de /opt/riscv32imc/bin/../lib/gcc/riscv32-unknown-elf/8.2.0/libgcc.a(floatundidf.o)
 .debug_frame   0x0000000000000000       0x44 /opt/riscv32imc/bin/../lib/gcc/riscv32-unknown-elf/8.2.0/libgcc.a(floatundidf.o)
 .debug_info    0x0000000000000000      0x259 /opt/riscv32imc/bin/../lib/gcc/riscv32-unknown-elf/8.2.0/libgcc.a(floatdisf.o)
 .debug_abbrev  0x0000000000000000      0x18d /opt/riscv32imc/bin/../lib/gcc/riscv32-unknown-elf/8.2.0/libgcc.a(floatdisf.o)
 .debug_loc     0x0000000000000000      0x1b2 /opt/riscv32imc/bin/../lib/gcc/riscv32-unknown-elf/8.2.0/libgcc.a(floatdisf.o)
 .debug_aranges
                0x0000000000000000       0x20 /opt/riscv32imc/bin/../lib/gcc/riscv32-unknown-elf/8.2.0/libgcc.a(floatdisf.o)
 .debug_ranges  0x0000000000000000       0x68 /opt/riscv32imc/bin/../lib/gcc/riscv32-unknown-elf/8.2.0/libgcc.a(floatdisf.o)
 .debug_line    0x0000000000000000      0x339 /opt/riscv32imc/bin/../lib/gcc/riscv32-unknown-elf/8.2.0/libgcc.a(floatdisf.o)
 .debug_str     0x0000000000000000      0x2b8 /opt/riscv32imc/bin/../lib/gcc/riscv32-unknown-elf/8.2.0/libgcc.a(floatdisf.o)
 .debug_frame   0x0000000000000000       0x48 /opt/riscv32imc/bin/../lib/gcc/riscv32-unknown-elf/8.2.0/libgcc.a(floatdisf.o)
 .debug_info    0x0000000000000000      0x24c /opt/riscv32imc/bin/../lib/gcc/riscv32-unknown-elf/8.2.0/libgcc.a(floatundisf.o)
 .debug_abbrev  0x0000000000000000      0x18d /opt/riscv32imc/bin/../lib/gcc/riscv32-unknown-elf/8.2.0/libgcc.a(floatundisf.o)
 .debug_loc     0x0000000000000000      0x1c8 /opt/riscv32imc/bin/../lib/gcc/riscv32-unknown-elf/8.2.0/libgcc.a(floatundisf.o)
 .debug_aranges
                0x0000000000000000       0x20 /opt/riscv32imc/bin/../lib/gcc/riscv32-unknown-elf/8.2.0/libgcc.a(floatundisf.o)
 .debug_ranges  0x0000000000000000       0x68 /opt/riscv32imc/bin/../lib/gcc/riscv32-unknown-elf/8.2.0/libgcc.a(floatundisf.o)
 .debug_line    0x0000000000000000      0x31d /opt/riscv32imc/bin/../lib/gcc/riscv32-unknown-elf/8.2.0/libgcc.a(floatundisf.o)
 .debug_str     0x0000000000000000      0x2b5 /opt/riscv32imc/bin/../lib/gcc/riscv32-unknown-elf/8.2.0/libgcc.a(floatundisf.o)
 .debug_frame   0x0000000000000000       0x44 /opt/riscv32imc/bin/../lib/gcc/riscv32-unknown-elf/8.2.0/libgcc.a(floatundisf.o)
 .debug_info    0x0000000000000000      0x2a9 /opt/riscv32imc/bin/../lib/gcc/riscv32-unknown-elf/8.2.0/libgcc.a(extendsfdf2.o)
 .debug_abbrev  0x0000000000000000      0x17b /opt/riscv32imc/bin/../lib/gcc/riscv32-unknown-elf/8.2.0/libgcc.a(extendsfdf2.o)
 .debug_loc     0x0000000000000000      0x1a4 /opt/riscv32imc/bin/../lib/gcc/riscv32-unknown-elf/8.2.0/libgcc.a(extendsfdf2.o)
 .debug_aranges
                0x0000000000000000       0x20 /opt/riscv32imc/bin/../lib/gcc/riscv32-unknown-elf/8.2.0/libgcc.a(extendsfdf2.o)
 .debug_ranges  0x0000000000000000       0x38 /opt/riscv32imc/bin/../lib/gcc/riscv32-unknown-elf/8.2.0/libgcc.a(extendsfdf2.o)
 .debug_line    0x0000000000000000      0x363 /opt/riscv32imc/bin/../lib/gcc/riscv32-unknown-elf/8.2.0/libgcc.a(extendsfdf2.o)
 .debug_str     0x0000000000000000      0x265 /opt/riscv32imc/bin/../lib/gcc/riscv32-unknown-elf/8.2.0/libgcc.a(extendsfdf2.o)
 .debug_frame   0x0000000000000000       0x38 /opt/riscv32imc/bin/../lib/gcc/riscv32-unknown-elf/8.2.0/libgcc.a(extendsfdf2.o)
 .debug_info    0x0000000000000000      0x2e2 /opt/riscv32imc/bin/../lib/gcc/riscv32-unknown-elf/8.2.0/libgcc.a(truncdfsf2.o)
 .debug_abbrev  0x0000000000000000      0x177 /opt/riscv32imc/bin/../lib/gcc/riscv32-unknown-elf/8.2.0/libgcc.a(truncdfsf2.o)
 .debug_loc     0x0000000000000000      0x369 /opt/riscv32imc/bin/../lib/gcc/riscv32-unknown-elf/8.2.0/libgcc.a(truncdfsf2.o)
 .debug_aranges
                0x0000000000000000       0x20 /opt/riscv32imc/bin/../lib/gcc/riscv32-unknown-elf/8.2.0/libgcc.a(truncdfsf2.o)
 .debug_ranges  0x0000000000000000       0x40 /opt/riscv32imc/bin/../lib/gcc/riscv32-unknown-elf/8.2.0/libgcc.a(truncdfsf2.o)
 .debug_line    0x0000000000000000      0x3fd /opt/riscv32imc/bin/../lib/gcc/riscv32-unknown-elf/8.2.0/libgcc.a(truncdfsf2.o)
 .debug_str     0x0000000000000000      0x2c3 /opt/riscv32imc/bin/../lib/gcc/riscv32-unknown-elf/8.2.0/libgcc.a(truncdfsf2.o)
 .debug_frame   0x0000000000000000       0x20 /opt/riscv32imc/bin/../lib/gcc/riscv32-unknown-elf/8.2.0/libgcc.a(truncdfsf2.o)
 .debug_info    0x0000000000000000      0xc47 /opt/riscv32imc/bin/../lib/gcc/riscv32-unknown-elf/8.2.0/libgcc.a(_lshrdi3.o)
 .debug_abbrev  0x0000000000000000      0x275 /opt/riscv32imc/bin/../lib/gcc/riscv32-unknown-elf/8.2.0/libgcc.a(_lshrdi3.o)
 .debug_loc     0x0000000000000000       0x7e /opt/riscv32imc/bin/../lib/gcc/riscv32-unknown-elf/8.2.0/libgcc.a(_lshrdi3.o)
 .debug_aranges
                0x0000000000000000       0x20 /opt/riscv32imc/bin/../lib/gcc/riscv32-unknown-elf/8.2.0/libgcc.a(_lshrdi3.o)
 .debug_line    0x0000000000000000      0x2d3 /opt/riscv32imc/bin/../lib/gcc/riscv32-unknown-elf/8.2.0/libgcc.a(_lshrdi3.o)
 .debug_str     0x0000000000000000      0x7b4 /opt/riscv32imc/bin/../lib/gcc/riscv32-unknown-elf/8.2.0/libgcc.a(_lshrdi3.o)
 .debug_frame   0x0000000000000000       0x20 /opt/riscv32imc/bin/../lib/gcc/riscv32-unknown-elf/8.2.0/libgcc.a(_lshrdi3.o)
 .debug_info    0x0000000000000000      0xc47 /opt/riscv32imc/bin/../lib/gcc/riscv32-unknown-elf/8.2.0/libgcc.a(_ashldi3.o)
 .debug_abbrev  0x0000000000000000      0x275 /opt/riscv32imc/bin/../lib/gcc/riscv32-unknown-elf/8.2.0/libgcc.a(_ashldi3.o)
 .debug_loc     0x0000000000000000       0x7e /opt/riscv32imc/bin/../lib/gcc/riscv32-unknown-elf/8.2.0/libgcc.a(_ashldi3.o)
 .debug_aranges
                0x0000000000000000       0x20 /opt/riscv32imc/bin/../lib/gcc/riscv32-unknown-elf/8.2.0/libgcc.a(_ashldi3.o)
 .debug_line    0x0000000000000000      0x2d3 /opt/riscv32imc/bin/../lib/gcc/riscv32-unknown-elf/8.2.0/libgcc.a(_ashldi3.o)
 .debug_str     0x0000000000000000      0x7b4 /opt/riscv32imc/bin/../lib/gcc/riscv32-unknown-elf/8.2.0/libgcc.a(_ashldi3.o)
 .debug_frame   0x0000000000000000       0x20 /opt/riscv32imc/bin/../lib/gcc/riscv32-unknown-elf/8.2.0/libgcc.a(_ashldi3.o)
 .debug_info    0x0000000000000000      0xb3f /opt/riscv32imc/bin/../lib/gcc/riscv32-unknown-elf/8.2.0/libgcc.a(_clz.o)
 .debug_abbrev  0x0000000000000000      0x1e8 /opt/riscv32imc/bin/../lib/gcc/riscv32-unknown-elf/8.2.0/libgcc.a(_clz.o)
 .debug_aranges
                0x0000000000000000       0x18 /opt/riscv32imc/bin/../lib/gcc/riscv32-unknown-elf/8.2.0/libgcc.a(_clz.o)
 .debug_line    0x0000000000000000      0x1ff /opt/riscv32imc/bin/../lib/gcc/riscv32-unknown-elf/8.2.0/libgcc.a(_clz.o)
 .debug_str     0x0000000000000000      0x765 /opt/riscv32imc/bin/../lib/gcc/riscv32-unknown-elf/8.2.0/libgcc.a(_clz.o)
 .debug_info    0x0000000000000000      0xbac /opt/riscv32imc/bin/../lib/gcc/riscv32-unknown-elf/8.2.0/libgcc.a(_clzsi2.o)
 .debug_abbrev  0x0000000000000000      0x242 /opt/riscv32imc/bin/../lib/gcc/riscv32-unknown-elf/8.2.0/libgcc.a(_clzsi2.o)
 .debug_loc     0x0000000000000000       0x6b /opt/riscv32imc/bin/../lib/gcc/riscv32-unknown-elf/8.2.0/libgcc.a(_clzsi2.o)
 .debug_aranges
                0x0000000000000000       0x20 /opt/riscv32imc/bin/../lib/gcc/riscv32-unknown-elf/8.2.0/libgcc.a(_clzsi2.o)
 .debug_ranges  0x0000000000000000       0x20 /opt/riscv32imc/bin/../lib/gcc/riscv32-unknown-elf/8.2.0/libgcc.a(_clzsi2.o)
 .debug_line    0x0000000000000000      0x281 /opt/riscv32imc/bin/../lib/gcc/riscv32-unknown-elf/8.2.0/libgcc.a(_clzsi2.o)
 .debug_str     0x0000000000000000      0x782 /opt/riscv32imc/bin/../lib/gcc/riscv32-unknown-elf/8.2.0/libgcc.a(_clzsi2.o)
 .debug_frame   0x0000000000000000       0x20 /opt/riscv32imc/bin/../lib/gcc/riscv32-unknown-elf/8.2.0/libgcc.a(_clzsi2.o)

Memory Configuration

Name             Origin             Length             Attributes
FLASH            0x0000000000100000 0x0000000000100000 xr
RAM              0x0000000000000100 0x000000000000ff00 xrw
*default*        0x0000000000000000 0xffffffffffffffff

Linker script and memory map


.text           0x0000000000100000     0xcc48
                0x0000000000100000                . = ALIGN (0x4)
 *(.text)
 .text          0x0000000000100000      0x2e8 obj/start.o
                0x0000000000100228                flashio_worker_begin
                0x00000000001002dc                flashio_worker_end
 .text          0x00000000001002e8       0x62 obj/main.o
                0x00000000001002e8                irq
                0x0000000000100314                main
 .text          0x000000000010034a      0x5d6 obj/fpga.o
                0x0000000000100904                fpga_wr
                0x0000000000100910                fpga_rd
                0x000000000010091e                nk_init_fpga
 .text          0x0000000000100920      0x452 obj/nkarch_riscv.o
                0x000000000010098c                nk_convert_delay
                0x0000000000100998                picorv32_timer_irq
                0x000000000010099a                nk_init_sched_timer
                0x000000000010099c                nk_sched_wakeup
                0x00000000001009b2                nk_get_time
                0x00000000001009ba                nk_udelay
                0x00000000001009d8                nk_init_mcuflash
                0x00000000001009dc                nk_mcuflash_erase
                0x0000000000100ad2                strlen
                0x0000000000100aec                strcmp
                0x0000000000100b2c                strcpy
                0x0000000000100b3e                stpcpy
                0x0000000000100b58                memset
                0x0000000000100b6a                memmove
                0x0000000000100ba4                memcpy
                0x0000000000100bbc                nk_mcuflash_write
                0x0000000000100c56                nk_mcuflash_read
                0x0000000000100cf0                memcmp
                0x0000000000100d34                atoi
 .text          0x0000000000100d72      0x288 obj/nkuart_riscv.o
                0x0000000000100db0                nk_set_uart_callback
                0x0000000000100e10                nk_get_uart_mode
                0x0000000000100e18                nk_set_uart_mode
                0x0000000000100e26                nk_putc
                0x0000000000100e6c                nk_puts
                0x0000000000100e9a                nk_uart_write
                0x0000000000100ece                picorv32_uart_irq
                0x0000000000100f12                nk_getc
                0x0000000000100f58                nk_kbhit
                0x0000000000100f7e                nk_uart_read
                0x0000000000100ff8                nk_init_uart
 .text          0x0000000000100ffa      0x222 obj/nkymodem_cmd.o
 .text          0x000000000010121c      0x57a obj/tunnel_fpga.o
                0x0000000000101794                reboot
 .text          0x0000000000101796      0x30a obj/database.o
                0x0000000000101a2c                database_init
 .text          0x0000000000101aa0      0x1a2 obj/basic_cmds.o
 .text          0x0000000000101c42      0x1c0 obj/info_cmd.o
 .text          0x0000000000101e02      0x206 obj/libnklabs/src/nkchecked.o
                0x0000000000101e02                nk_checked_read_open
                0x0000000000101ed0                nk_checked_read
                0x0000000000101f0c                nk_checked_write_open
                0x0000000000101f42                nk_checked_write
                0x0000000000101fe8                nk_checked_write_close
 .text          0x0000000000102008       0xfa obj/libnklabs/src/nkdirect.o
                0x0000000000102008                nk_direct_read_open
                0x0000000000102016                nk_direct_read
                0x0000000000102050                nk_direct_write_open
                0x000000000010205e                nk_direct_write
                0x00000000001020fe                nk_direct_write_close
 .text          0x0000000000102102      0x4f2 obj/libnklabs/src/nkcli.o
                0x0000000000102316                nk_complete
                0x00000000001023e0                nk_help
                0x0000000000102508                nk_cli_enable
                0x0000000000102526                nk_cli_disable
                0x0000000000102530                nk_init_cli
 .text          0x00000000001025f4      0x174 obj/libnklabs/src/nkcrclib.o
                0x00000000001025f4                nk_crc8
                0x000000000010263a                nk_crc32be_update
                0x0000000000102654                nk_crc32be_check
                0x0000000000102680                nk_crc32le_update
                0x000000000010269e                nk_crc32le_check
                0x00000000001026ca                nk_crc16be_update
                0x00000000001026ea                nk_crc16be_check
                0x0000000000102716                nk_crc16le_update
                0x000000000010273c                nk_crc16le_check
 .text          0x0000000000102768      0x2dc obj/libnklabs/src/nkdbase.o
                0x0000000000102768                nk_dbase_save
                0x000000000010288c                nk_dbase_load
 .text          0x0000000000102a44      0x186 obj/libnklabs/src/nkinfile.o
                0x0000000000102a44                nk_fseek_slow
                0x0000000000102aa8                nkinfile_open
                0x0000000000102ae0                nkinfile_open_mem
                0x0000000000102afc                nkinfile_open_string
                0x0000000000102b20                nk_fcopy
                0x0000000000102bb8                nk_infile_print
 .text          0x0000000000102bca      0x432 obj/libnklabs/src/nkmcuflash.o
 .text          0x0000000000102ffc       0xa4 obj/libnklabs/src/nkoutfile.o
                0x0000000000102ffc                nkoutfile_open
                0x000000000010300e                nk_fflush
                0x0000000000103048                nkoutfile_open_mem
                0x0000000000103060                _nk_flush_and_putc
 .text          0x00000000001030a0      0xa18 obj/libnklabs/src/nkprintf.o
                0x00000000001030ce                nk_findent
                0x0000000000103132                nk_indent
                0x0000000000103144                nk_vprintf
                0x000000000010386e                nk_snprintf
                0x00000000001038a6                nk_sfprintf
                0x00000000001038f4                nk_printf
                0x0000000000103918                nk_fprintf
                0x0000000000103934                nk_fbyte_hex_dump
                0x0000000000103aa0                nk_byte_hex_dump
 .text          0x0000000000103ab8      0x8ca obj/libnklabs/src/nkreadline.o
                0x0000000000104326                nk_set_echo
                0x0000000000104332                nk_get_echo
                0x0000000000104338                nk_readline
 .text          0x0000000000104382      0xb84 obj/libnklabs/src/nkscan.o
                0x0000000000104382                nk_fscan_ws
                0x00000000001043ca                nk_fscan_escape
                0x00000000001048cc                nk_fscan_word
                0x00000000001048e2                nk_fiscan_word
                0x00000000001048f8                nk_fscan_ident
                0x000000000010490e                nk_fiscan_ident
                0x0000000000104924                nk_fscan_hex
                0x0000000000104a64                nk_fscan_dec
                0x0000000000104ea2                nk_fscan_double
                0x0000000000104ea6                nk_vscan
                0x0000000000104eba                nk_viscan
                0x0000000000104ece                nk_fscan
                0x0000000000104eea                nk_fiscan
 .text          0x0000000000104f06      0x4e4 obj/libnklabs/src/nksched.o
                0x0000000000104f84                nk_get_tid
                0x0000000000104f8c                nk_alloc_tid
                0x0000000000104f9a                _nk_sched
                0x00000000001051b6                nk_resched
                0x000000000010527a                nk_unsched
                0x00000000001052ca                nk_check
                0x0000000000105318                nk_init_sched
                0x0000000000105360                nk_get_sched_sleep_mode
                0x0000000000105368                nk_set_sched_sleep_mode
                0x0000000000105376                nk_sched_loop
 .text          0x00000000001053ea     0x2b68 obj/libnklabs/src/nkserialize.o
                0x0000000000105b04                nk_dbase_fprint
                0x0000000000106196                nk_dbase_serialize
                0x0000000000106686                nk_fscan_keyval
                0x0000000000107d6c                nk_xpath
 .text          0x0000000000107f52      0x124 obj/libnklabs/src/nkstring.o
                0x0000000000107f52                nk_tolower
                0x0000000000107f62                nk_tolowers
                0x0000000000107f86                nk_stricmp
                0x0000000000107fec                nk_memicmp
                0x0000000000108046                nk_isxdigit
                0x0000000000108062                nk_isspace
 .text          0x0000000000108076      0xc84 obj/libnklabs/src/nkymodem.o
                0x00000000001083c4                nk_ysend_file
                0x000000000010846c                ymodem_recv_init
                0x00000000001084be                ymodem_rcv
                0x0000000000108bce                nk_yrecv
                0x0000000000108c78                debug_rcv_status
 .text          0x0000000000108cfa        0x0 obj/version.o
 .text          0x0000000000108cfa      0x35e /opt/riscv32imc/bin/../lib/gcc/riscv32-unknown-elf/8.2.0/libgcc.a(_udivdi3.o)
                0x0000000000108cfa                __udivdi3
 .text          0x0000000000109058      0x352 /opt/riscv32imc/bin/../lib/gcc/riscv32-unknown-elf/8.2.0/libgcc.a(_umoddi3.o)
                0x0000000000109058                __umoddi3
 .text          0x00000000001093aa       0x64 /opt/riscv32imc/bin/../lib/gcc/riscv32-unknown-elf/8.2.0/libgcc.a(fixdfsi.o)
                0x00000000001093aa                __fixdfsi
 .text          0x000000000010940e       0x5c /opt/riscv32imc/bin/../lib/gcc/riscv32-unknown-elf/8.2.0/libgcc.a(fixunsdfsi.o)
                0x000000000010940e                __fixunsdfsi
 .text          0x000000000010946a      0x180 /opt/riscv32imc/bin/../lib/gcc/riscv32-unknown-elf/8.2.0/libgcc.a(floatdidf.o)
                0x000000000010946a                __floatdidf
 .text          0x00000000001095ea      0x14e /opt/riscv32imc/bin/../lib/gcc/riscv32-unknown-elf/8.2.0/libgcc.a(floatundidf.o)
                0x00000000001095ea                __floatundidf
 .text          0x0000000000109738      0x108 /opt/riscv32imc/bin/../lib/gcc/riscv32-unknown-elf/8.2.0/libgcc.a(floatdisf.o)
                0x0000000000109738                __floatdisf
 .text          0x0000000000109840       0xda /opt/riscv32imc/bin/../lib/gcc/riscv32-unknown-elf/8.2.0/libgcc.a(floatundisf.o)
                0x0000000000109840                __floatundisf
 .text          0x000000000010991a       0x98 /opt/riscv32imc/bin/../lib/gcc/riscv32-unknown-elf/8.2.0/libgcc.a(extendsfdf2.o)
                0x000000000010991a                __extendsfdf2
 .text          0x00000000001099b2      0x122 /opt/riscv32imc/bin/../lib/gcc/riscv32-unknown-elf/8.2.0/libgcc.a(truncdfsf2.o)
                0x00000000001099b2                __truncdfsf2
 .text          0x0000000000109ad4       0x2a /opt/riscv32imc/bin/../lib/gcc/riscv32-unknown-elf/8.2.0/libgcc.a(_lshrdi3.o)
                0x0000000000109ad4                __lshrdi3
 .text          0x0000000000109afe       0x2a /opt/riscv32imc/bin/../lib/gcc/riscv32-unknown-elf/8.2.0/libgcc.a(_ashldi3.o)
                0x0000000000109afe                __ashldi3
 .text          0x0000000000109b28        0x0 /opt/riscv32imc/bin/../lib/gcc/riscv32-unknown-elf/8.2.0/libgcc.a(_clz.o)
 .text          0x0000000000109b28       0x3c /opt/riscv32imc/bin/../lib/gcc/riscv32-unknown-elf/8.2.0/libgcc.a(_clzsi2.o)
                0x0000000000109b28                __clzsi2
 *(.text*)
 *(.rodata)
 *fill*         0x0000000000109b64        0x0 
 .rodata        0x0000000000109b64       0x87 obj/nkymodem_cmd.o
                0x0000000000109b64                ymodem_file_fw0
                0x0000000000109b84                ymodem_file_fw1
                0x0000000000109ba4                ymodem_file_fpga
                0x0000000000109bc4                nk_yrecv_str
 *fill*         0x0000000000109beb        0x1 
 .rodata        0x0000000000109bec       0x54 obj/tunnel_fpga.o
                0x0000000000109bec                fpga_regtable
 .rodata        0x0000000000109c40       0xd8 obj/database.o
                0x0000000000109c40                cal_defaults
                0x0000000000109c4c                cal_dbase
                0x0000000000109c9c                tyCAL
                0x0000000000109cb0                cal_members
                0x0000000000109cf0                tyMACADDR
                0x0000000000109d04                tyIPADDR
 .rodata        0x0000000000109d18      0x800 obj/libnklabs/src/nkcrclib.o
 .rodata        0x000000000010a518      0x100 obj/libnklabs/src/nkprintf.o
 .rodata        0x000000000010a618      0x208 obj/libnklabs/src/nkscan.o
 .rodata        0x000000000010a820      0x23c obj/libnklabs/src/nkserialize.o
                0x000000000010a9a8                tyFLOAT
                0x000000000010a9bc                tyDOUBLE
                0x000000000010a9d0                tyBOOL
                0x000000000010a9e4                tyUINT16
                0x000000000010a9f8                tyINT16
                0x000000000010aa0c                tyUINT8
                0x000000000010aa20                tyINT8
                0x000000000010aa34                tyUINT
                0x000000000010aa48                tyINT
 .rodata        0x000000000010aa5c       0x2f obj/version.o
                0x000000000010aa5c                git_hash
 *fill*         0x000000000010aa8b        0x1 
 .rodata        0x000000000010aa8c      0x100 /opt/riscv32imc/bin/../lib/gcc/riscv32-unknown-elf/8.2.0/libgcc.a(_clz.o)
                0x000000000010aa8c                __clz_tab
 *(.rodata*)
 .rodata.str1.4
                0x000000000010ab8c        0xb obj/main.o
 *fill*         0x000000000010ab97        0x1 
 .rodata.str1.4
                0x000000000010ab98      0x39c obj/fpga.o
                                        0x3a0 (size before relaxing)
 .rodata.str1.4
                0x000000000010af34       0x4c obj/nkuart_riscv.o
 .rodata.str1.4
                0x000000000010af80      0x145 obj/nkymodem_cmd.o
                                        0x159 (size before relaxing)
 *fill*         0x000000000010b0c5        0x3 
 .rodata.str1.4
                0x000000000010b0c8      0x56f obj/tunnel_fpga.o
                                        0x58f (size before relaxing)
 *fill*         0x000000000010b637        0x1 
 .rodata.str1.4
                0x000000000010b638      0x309 obj/database.o
                                        0x325 (size before relaxing)
 *fill*         0x000000000010b941        0x3 
 .rodata.str1.4
                0x000000000010b944      0x293 obj/basic_cmds.o
                                        0x2af (size before relaxing)
 *fill*         0x000000000010bbd7        0x1 
 .rodata.str1.4
                0x000000000010bbd8      0x2b1 obj/info_cmd.o
                                        0x2c5 (size before relaxing)
 *fill*         0x000000000010be89        0x3 
 .rodata.str1.4
                0x000000000010be8c      0x1cb obj/libnklabs/src/nkcli.o
                                        0x1eb (size before relaxing)
 *fill*         0x000000000010c057        0x1 
 .rodata.str1.4
                0x000000000010c058      0x103 obj/libnklabs/src/nkdbase.o
                                        0x10b (size before relaxing)
 *fill*         0x000000000010c15b        0x1 
 .rodata.str1.4
                0x000000000010c15c      0x2db obj/libnklabs/src/nkmcuflash.o
                                        0x30f (size before relaxing)
 *fill*         0x000000000010c437        0x1 
 .rodata.str1.4
                0x000000000010c438       0x1c obj/libnklabs/src/nkprintf.o
                                         0x28 (size before relaxing)
 .rodata.str1.4
                0x000000000010c454        0x4 obj/libnklabs/src/nkreadline.o
                                          0x6 (size before relaxing)
 .rodata.str1.4
                0x000000000010c458      0x24b obj/libnklabs/src/nksched.o
                                        0x27b (size before relaxing)
 *fill*         0x000000000010c6a3        0x1 
 .rodata.str1.4
                0x000000000010c6a4      0x32c obj/libnklabs/src/nkserialize.o
                                        0x334 (size before relaxing)
 .rodata.str1.4
                0x000000000010c9d0      0x21c obj/libnklabs/src/nkymodem.o
                                        0x21f (size before relaxing)
 *(.srodata)
 .srodata       0x000000000010cbec        0xa obj/version.o
                0x000000000010cbec                build_minute
                0x000000000010cbed                build_hour
                0x000000000010cbee                build_day
                0x000000000010cbef                build_month
                0x000000000010cbf0                build_year
                0x000000000010cbf2                firmware_minor
                0x000000000010cbf4                firmware_major
 *(.srodata*)
 *(.eh_frame)
 *fill*         0x000000000010cbf6        0x2 
 .eh_frame      0x000000000010cbf8       0x28 /opt/riscv32imc/bin/../lib/gcc/riscv32-unknown-elf/8.2.0/libgcc.a(_udivdi3.o)
 .eh_frame      0x000000000010cc20       0x28 /opt/riscv32imc/bin/../lib/gcc/riscv32-unknown-elf/8.2.0/libgcc.a(_umoddi3.o)
                0x000000000010cc48                . = ALIGN (0x4)
                0x000000000010cc48                _etext = .
                0x000000000010cc48                _sidata = _etext

.rela.dyn       0x000000000010cc48        0x0
 .rela.text     0x000000000010cc48        0x0 obj/start.o
 .rela.rodata   0x000000000010cc48        0x0 obj/start.o

.data           0x0000000000000100       0xc4 load address 0x000000000010cc48
                0x0000000000000100                . = ALIGN (0x4)
                0x0000000000000100                _sdata = .
                0x0000000000000100                _ram_start = .
                0x0000000000000100                . = ALIGN (0x4)
 *(.data)
 .data          0x0000000000000100        0x0 obj/start.o
 .data          0x0000000000000100        0x0 obj/main.o
 .data          0x0000000000000100        0x0 obj/fpga.o
 .data          0x0000000000000100        0x0 obj/nkarch_riscv.o
 .data          0x0000000000000100        0x0 obj/nkuart_riscv.o
 .data          0x0000000000000100        0x0 obj/nkymodem_cmd.o
 .data          0x0000000000000100        0x0 obj/tunnel_fpga.o
 .data          0x0000000000000100        0x0 obj/database.o
 .data          0x0000000000000100        0x0 obj/basic_cmds.o
 .data          0x0000000000000100        0x0 obj/info_cmd.o
 .data          0x0000000000000100        0x0 obj/libnklabs/src/nkchecked.o
 .data          0x0000000000000100        0x0 obj/libnklabs/src/nkdirect.o
 .data          0x0000000000000100        0x0 obj/libnklabs/src/nkcli.o
 .data          0x0000000000000100        0x0 obj/libnklabs/src/nkcrclib.o
 .data          0x0000000000000100        0x0 obj/libnklabs/src/nkdbase.o
 .data          0x0000000000000100        0x0 obj/libnklabs/src/nkinfile.o
 .data          0x0000000000000100        0x0 obj/libnklabs/src/nkmcuflash.o
 .data          0x0000000000000100        0x0 obj/libnklabs/src/nkoutfile.o
 .data          0x0000000000000100       0x38 obj/libnklabs/src/nkprintf.o
 .data          0x0000000000000138        0x0 obj/libnklabs/src/nkreadline.o
 .data          0x0000000000000138        0x0 obj/libnklabs/src/nkscan.o
 .data          0x0000000000000138        0x0 obj/libnklabs/src/nksched.o
 .data          0x0000000000000138        0x0 obj/libnklabs/src/nkserialize.o
 .data          0x0000000000000138        0x0 obj/libnklabs/src/nkstring.o
 .data          0x0000000000000138        0x9 obj/libnklabs/src/nkymodem.o
                0x0000000000000138                TIMEOUT
 .data          0x0000000000000141        0x0 obj/version.o
 .data          0x0000000000000141        0x0 /opt/riscv32imc/bin/../lib/gcc/riscv32-unknown-elf/8.2.0/libgcc.a(_udivdi3.o)
 .data          0x0000000000000141        0x0 /opt/riscv32imc/bin/../lib/gcc/riscv32-unknown-elf/8.2.0/libgcc.a(_umoddi3.o)
 .data          0x0000000000000141        0x0 /opt/riscv32imc/bin/../lib/gcc/riscv32-unknown-elf/8.2.0/libgcc.a(fixdfsi.o)
 .data          0x0000000000000141        0x0 /opt/riscv32imc/bin/../lib/gcc/riscv32-unknown-elf/8.2.0/libgcc.a(fixunsdfsi.o)
 .data          0x0000000000000141        0x0 /opt/riscv32imc/bin/../lib/gcc/riscv32-unknown-elf/8.2.0/libgcc.a(floatdidf.o)
 .data          0x0000000000000141        0x0 /opt/riscv32imc/bin/../lib/gcc/riscv32-unknown-elf/8.2.0/libgcc.a(floatundidf.o)
 .data          0x0000000000000141        0x0 /opt/riscv32imc/bin/../lib/gcc/riscv32-unknown-elf/8.2.0/libgcc.a(floatdisf.o)
 .data          0x0000000000000141        0x0 /opt/riscv32imc/bin/../lib/gcc/riscv32-unknown-elf/8.2.0/libgcc.a(floatundisf.o)
 .data          0x0000000000000141        0x0 /opt/riscv32imc/bin/../lib/gcc/riscv32-unknown-elf/8.2.0/libgcc.a(extendsfdf2.o)
 .data          0x0000000000000141        0x0 /opt/riscv32imc/bin/../lib/gcc/riscv32-unknown-elf/8.2.0/libgcc.a(truncdfsf2.o)
 .data          0x0000000000000141        0x0 /opt/riscv32imc/bin/../lib/gcc/riscv32-unknown-elf/8.2.0/libgcc.a(_lshrdi3.o)
 .data          0x0000000000000141        0x0 /opt/riscv32imc/bin/../lib/gcc/riscv32-unknown-elf/8.2.0/libgcc.a(_ashldi3.o)
 .data          0x0000000000000141        0x0 /opt/riscv32imc/bin/../lib/gcc/riscv32-unknown-elf/8.2.0/libgcc.a(_clz.o)
 .data          0x0000000000000141        0x0 /opt/riscv32imc/bin/../lib/gcc/riscv32-unknown-elf/8.2.0/libgcc.a(_clzsi2.o)
 *(.data*)
 *(.sdata)
 *fill*         0x0000000000000141        0x3 
 .sdata         0x0000000000000144        0x4 obj/libnklabs/src/nkcli.o
                0x0000000000000144                facmode
 .sdata         0x0000000000000148        0x4 obj/libnklabs/src/nkinfile.o
                0x0000000000000148                nkinfile_null
 .sdata         0x000000000000014c        0xc obj/libnklabs/src/nkprintf.o
                0x000000000000014c                nkstdnull
                0x0000000000000150                nkstderr
                0x0000000000000154                nkstdout
 .sdata         0x0000000000000158        0x1 obj/libnklabs/src/nkreadline.o
 *(.sdata*)
                0x000000000000015c                . = ALIGN (0x4)
 *fill*         0x0000000000000159        0x3 
                0x000000000000015c                __start_COMMAND_TABLE = .
 *(.COMMAND_TABLE)
 .COMMAND_TABLE
                0x000000000000015c       0x10 obj/fpga.o
 .COMMAND_TABLE
                0x000000000000016c        0x8 obj/nkymodem_cmd.o
 .COMMAND_TABLE
                0x0000000000000174        0x8 obj/tunnel_fpga.o
 .COMMAND_TABLE
                0x000000000000017c        0x8 obj/database.o
 .COMMAND_TABLE
                0x0000000000000184       0x18 obj/basic_cmds.o
 .COMMAND_TABLE
                0x000000000000019c        0x8 obj/info_cmd.o
 .COMMAND_TABLE
                0x00000000000001a4        0x8 obj/libnklabs/src/nkcli.o
 .COMMAND_TABLE
                0x00000000000001ac        0x8 obj/libnklabs/src/nkmcuflash.o
 .COMMAND_TABLE
                0x00000000000001b4       0x10 obj/libnklabs/src/nksched.o
                0x00000000000001c4                __stop_COMMAND_TABLE = .
                0x00000000000001c4                . = ALIGN (0x4)
                0x00000000000001c4                _edata = .

.bss            0x00000000000001c4     0x1730 load address 0x000000000010cd0c
                0x00000000000001c4                . = ALIGN (0x4)
                0x00000000000001c4                _sbss = .
 *(.bss)
 .bss           0x00000000000001c4        0x0 obj/start.o
 .bss           0x00000000000001c4        0x0 obj/main.o
 .bss           0x00000000000001c4        0x0 obj/fpga.o
 .bss           0x00000000000001c4        0x0 obj/nkarch_riscv.o
 .bss           0x00000000000001c4      0x800 obj/nkuart_riscv.o
 .bss           0x00000000000009c4      0x485 obj/nkymodem_cmd.o
 .bss           0x0000000000000e49        0x0 obj/tunnel_fpga.o
 .bss           0x0000000000000e49        0x0 obj/database.o
 .bss           0x0000000000000e49        0x0 obj/basic_cmds.o
 .bss           0x0000000000000e49        0x0 obj/info_cmd.o
 .bss           0x0000000000000e49        0x0 obj/libnklabs/src/nkchecked.o
 .bss           0x0000000000000e49        0x0 obj/libnklabs/src/nkdirect.o
 .bss           0x0000000000000e49        0x0 obj/libnklabs/src/nkcli.o
 .bss           0x0000000000000e49        0x0 obj/libnklabs/src/nkcrclib.o
 .bss           0x0000000000000e49        0x0 obj/libnklabs/src/nkdbase.o
 *fill*         0x0000000000000e49        0x3 
 .bss           0x0000000000000e4c       0x28 obj/libnklabs/src/nkinfile.o
 .bss           0x0000000000000e74        0x0 obj/libnklabs/src/nkmcuflash.o
 .bss           0x0000000000000e74        0x0 obj/libnklabs/src/nkoutfile.o
 .bss           0x0000000000000e74        0x0 obj/libnklabs/src/nkprintf.o
 .bss           0x0000000000000e74      0x480 obj/libnklabs/src/nkreadline.o
 .bss           0x00000000000012f4        0x0 obj/libnklabs/src/nkscan.o
 .bss           0x00000000000012f4      0x2d0 obj/libnklabs/src/nksched.o
 .bss           0x00000000000015c4       0x50 obj/libnklabs/src/nkserialize.o
 .bss           0x0000000000001614        0x0 obj/libnklabs/src/nkstring.o
 .bss           0x0000000000001614      0x190 obj/libnklabs/src/nkymodem.o
 .bss           0x00000000000017a4        0x0 obj/version.o
 .bss           0x00000000000017a4        0x0 /opt/riscv32imc/bin/../lib/gcc/riscv32-unknown-elf/8.2.0/libgcc.a(_udivdi3.o)
 .bss           0x00000000000017a4        0x0 /opt/riscv32imc/bin/../lib/gcc/riscv32-unknown-elf/8.2.0/libgcc.a(_umoddi3.o)
 .bss           0x00000000000017a4        0x0 /opt/riscv32imc/bin/../lib/gcc/riscv32-unknown-elf/8.2.0/libgcc.a(fixdfsi.o)
 .bss           0x00000000000017a4        0x0 /opt/riscv32imc/bin/../lib/gcc/riscv32-unknown-elf/8.2.0/libgcc.a(fixunsdfsi.o)
 .bss           0x00000000000017a4        0x0 /opt/riscv32imc/bin/../lib/gcc/riscv32-unknown-elf/8.2.0/libgcc.a(floatdidf.o)
 .bss           0x00000000000017a4        0x0 /opt/riscv32imc/bin/../lib/gcc/riscv32-unknown-elf/8.2.0/libgcc.a(floatundidf.o)
 .bss           0x00000000000017a4        0x0 /opt/riscv32imc/bin/../lib/gcc/riscv32-unknown-elf/8.2.0/libgcc.a(floatdisf.o)
 .bss           0x00000000000017a4        0x0 /opt/riscv32imc/bin/../lib/gcc/riscv32-unknown-elf/8.2.0/libgcc.a(floatundisf.o)
 .bss           0x00000000000017a4        0x0 /opt/riscv32imc/bin/../lib/gcc/riscv32-unknown-elf/8.2.0/libgcc.a(extendsfdf2.o)
 .bss           0x00000000000017a4        0x0 /opt/riscv32imc/bin/../lib/gcc/riscv32-unknown-elf/8.2.0/libgcc.a(truncdfsf2.o)
 .bss           0x00000000000017a4        0x0 /opt/riscv32imc/bin/../lib/gcc/riscv32-unknown-elf/8.2.0/libgcc.a(_lshrdi3.o)
 .bss           0x00000000000017a4        0x0 /opt/riscv32imc/bin/../lib/gcc/riscv32-unknown-elf/8.2.0/libgcc.a(_ashldi3.o)
 .bss           0x00000000000017a4        0x0 /opt/riscv32imc/bin/../lib/gcc/riscv32-unknown-elf/8.2.0/libgcc.a(_clz.o)
 .bss           0x00000000000017a4        0x0 /opt/riscv32imc/bin/../lib/gcc/riscv32-unknown-elf/8.2.0/libgcc.a(_clzsi2.o)
 *(.bss*)
 *(.sbss)
 .sbss          0x00000000000017a4       0x10 obj/nkuart_riscv.o
                0x00000000000017a4                console_lock
 .sbss          0x00000000000017b4        0x8 obj/nkymodem_cmd.o
 .sbss          0x00000000000017bc        0x4 obj/libnklabs/src/nkcli.o
                0x00000000000017bc                cli_disabled
 .sbss          0x00000000000017c0        0x4 obj/libnklabs/src/nkmcuflash.o
 .sbss          0x00000000000017c4       0x18 obj/libnklabs/src/nkreadline.o
 .sbss          0x00000000000017dc       0x14 obj/libnklabs/src/nksched.o
                0x00000000000017ec                sched_lock
 .sbss          0x00000000000017f0       0x44 obj/libnklabs/src/nkymodem.o
 *(.sbss*)
 *(COMMON)
 COMMON         0x0000000000001834        0xc obj/nkuart_riscv.o
                0x0000000000001834                waiting_rx_task
                0x0000000000001838                waiting_rx_task_data
                0x000000000000183c                waiting_rx_tid
 COMMON         0x0000000000001840        0xc obj/nkymodem_cmd.o
                0x0000000000001840                ymodem_file
 COMMON         0x000000000000184c        0x1 obj/tunnel_fpga.o
                0x000000000000184c                tag
 *fill*         0x000000000000184d        0x3 
 COMMON         0x0000000000001850       0x8d obj/database.o
                0x0000000000001850                xfer_buf
                0x00000000000018d0                cal
                0x00000000000018dc                cal_rev
 *fill*         0x00000000000018dd        0x3 
 COMMON         0x00000000000018e0        0x4 obj/libnklabs/src/nkcli.o
                0x00000000000018e0                nk_cli_tid
 COMMON         0x00000000000018e4        0xc obj/libnklabs/src/nkreadline.o
                0x00000000000018e4                console_tid
                0x00000000000018e8                console_prompt
                0x00000000000018ec                console_callback
 COMMON         0x00000000000018f0        0x4 obj/libnklabs/src/nksched.o
                0x00000000000018f0                test_tid
                0x00000000000018f4                . = ALIGN (0x4)
                0x00000000000018f4                _ebss = .

.heap           0x00000000000018f4        0x0
                0x00000000000018f4                . = ALIGN (0x4)
                0x00000000000018f4                _heap_start = .
LOAD obj/start.o
LOAD obj/main.o
LOAD obj/fpga.o
LOAD obj/nkarch_riscv.o
LOAD obj/nkuart_riscv.o
LOAD obj/nkymodem_cmd.o
LOAD obj/tunnel_fpga.o
LOAD obj/database.o
LOAD obj/basic_cmds.o
LOAD obj/info_cmd.o
LOAD obj/libnklabs/src/nkchecked.o
LOAD obj/libnklabs/src/nkdirect.o
LOAD obj/libnklabs/src/nkcli.o
LOAD obj/libnklabs/src/nkcrclib.o
LOAD obj/libnklabs/src/nkdbase.o
LOAD obj/libnklabs/src/nkinfile.o
LOAD obj/libnklabs/src/nkmcuflash.o
LOAD obj/libnklabs/src/nkoutfile.o
LOAD obj/libnklabs/src/nkprintf.o
LOAD obj/libnklabs/src/nkreadline.o
LOAD obj/libnklabs/src/nkscan.o
LOAD obj/libnklabs/src/nksched.o
LOAD obj/libnklabs/src/nkserialize.o
LOAD obj/libnklabs/src/nkstring.o
LOAD obj/libnklabs/src/nkymodem.o
LOAD obj/version.o
LOAD /opt/riscv32imc/bin/../lib/gcc/riscv32-unknown-elf/8.2.0/libgcc.a
OUTPUT(ulx3s.elf elf32-littleriscv)

.comment        0x0000000000000000       0x11
 .comment       0x0000000000000000       0x11 obj/main.o
                                         0x12 (size before relaxing)
 .comment       0x0000000000000011       0x12 obj/fpga.o
 .comment       0x0000000000000011       0x12 obj/nkarch_riscv.o
 .comment       0x0000000000000011       0x12 obj/nkuart_riscv.o
 .comment       0x0000000000000011       0x12 obj/nkymodem_cmd.o
 .comment       0x0000000000000011       0x12 obj/tunnel_fpga.o
 .comment       0x0000000000000011       0x12 obj/database.o
 .comment       0x0000000000000011       0x12 obj/basic_cmds.o
 .comment       0x0000000000000011       0x12 obj/info_cmd.o
 .comment       0x0000000000000011       0x12 obj/libnklabs/src/nkchecked.o
 .comment       0x0000000000000011       0x12 obj/libnklabs/src/nkdirect.o
 .comment       0x0000000000000011       0x12 obj/libnklabs/src/nkcli.o
 .comment       0x0000000000000011       0x12 obj/libnklabs/src/nkcrclib.o
 .comment       0x0000000000000011       0x12 obj/libnklabs/src/nkdbase.o
 .comment       0x0000000000000011       0x12 obj/libnklabs/src/nkinfile.o
 .comment       0x0000000000000011       0x12 obj/libnklabs/src/nkmcuflash.o
 .comment       0x0000000000000011       0x12 obj/libnklabs/src/nkoutfile.o
 .comment       0x0000000000000011       0x12 obj/libnklabs/src/nkprintf.o
 .comment       0x0000000000000011       0x12 obj/libnklabs/src/nkreadline.o
 .comment       0x0000000000000011       0x12 obj/libnklabs/src/nkscan.o
 .comment       0x0000000000000011       0x12 obj/libnklabs/src/nksched.o
 .comment       0x0000000000000011       0x12 obj/libnklabs/src/nkserialize.o
 .comment       0x0000000000000011       0x12 obj/libnklabs/src/nkstring.o
 .comment       0x0000000000000011       0x12 obj/libnklabs/src/nkymodem.o
 .comment       0x0000000000000011       0x12 obj/version.o
 .comment       0x0000000000000011       0x12 /opt/riscv32imc/bin/../lib/gcc/riscv32-unknown-elf/8.2.0/libgcc.a(_udivdi3.o)
 .comment       0x0000000000000011       0x12 /opt/riscv32imc/bin/../lib/gcc/riscv32-unknown-elf/8.2.0/libgcc.a(_umoddi3.o)
 .comment       0x0000000000000011       0x12 /opt/riscv32imc/bin/../lib/gcc/riscv32-unknown-elf/8.2.0/libgcc.a(fixdfsi.o)
 .comment       0x0000000000000011       0x12 /opt/riscv32imc/bin/../lib/gcc/riscv32-unknown-elf/8.2.0/libgcc.a(fixunsdfsi.o)
 .comment       0x0000000000000011       0x12 /opt/riscv32imc/bin/../lib/gcc/riscv32-unknown-elf/8.2.0/libgcc.a(floatdidf.o)
 .comment       0x0000000000000011       0x12 /opt/riscv32imc/bin/../lib/gcc/riscv32-unknown-elf/8.2.0/libgcc.a(floatundidf.o)
 .comment       0x0000000000000011       0x12 /opt/riscv32imc/bin/../lib/gcc/riscv32-unknown-elf/8.2.0/libgcc.a(floatdisf.o)
 .comment       0x0000000000000011       0x12 /opt/riscv32imc/bin/../lib/gcc/riscv32-unknown-elf/8.2.0/libgcc.a(floatundisf.o)
 .comment       0x0000000000000011       0x12 /opt/riscv32imc/bin/../lib/gcc/riscv32-unknown-elf/8.2.0/libgcc.a(extendsfdf2.o)
 .comment       0x0000000000000011       0x12 /opt/riscv32imc/bin/../lib/gcc/riscv32-unknown-elf/8.2.0/libgcc.a(truncdfsf2.o)
 .comment       0x0000000000000011       0x12 /opt/riscv32imc/bin/../lib/gcc/riscv32-unknown-elf/8.2.0/libgcc.a(_lshrdi3.o)
 .comment       0x0000000000000011       0x12 /opt/riscv32imc/bin/../lib/gcc/riscv32-unknown-elf/8.2.0/libgcc.a(_ashldi3.o)
 .comment       0x0000000000000011       0x12 /opt/riscv32imc/bin/../lib/gcc/riscv32-unknown-elf/8.2.0/libgcc.a(_clz.o)
 .comment       0x0000000000000011       0x12 /opt/riscv32imc/bin/../lib/gcc/riscv32-unknown-elf/8.2.0/libgcc.a(_clzsi2.o)

Cross Reference Table

Symbol                                            File
TIMEOUT                                           obj/libnklabs/src/nkymodem.o
__ashldi3                                         /opt/riscv32imc/bin/../lib/gcc/riscv32-unknown-elf/8.2.0/libgcc.a(_ashldi3.o)
                                                  /opt/riscv32imc/bin/../lib/gcc/riscv32-unknown-elf/8.2.0/libgcc.a(floatundisf.o)
                                                  /opt/riscv32imc/bin/../lib/gcc/riscv32-unknown-elf/8.2.0/libgcc.a(floatdisf.o)
                                                  /opt/riscv32imc/bin/../lib/gcc/riscv32-unknown-elf/8.2.0/libgcc.a(floatundidf.o)
                                                  /opt/riscv32imc/bin/../lib/gcc/riscv32-unknown-elf/8.2.0/libgcc.a(floatdidf.o)
__clz_tab                                         /opt/riscv32imc/bin/../lib/gcc/riscv32-unknown-elf/8.2.0/libgcc.a(_clz.o)
                                                  /opt/riscv32imc/bin/../lib/gcc/riscv32-unknown-elf/8.2.0/libgcc.a(_clzsi2.o)
                                                  /opt/riscv32imc/bin/../lib/gcc/riscv32-unknown-elf/8.2.0/libgcc.a(_umoddi3.o)
                                                  /opt/riscv32imc/bin/../lib/gcc/riscv32-unknown-elf/8.2.0/libgcc.a(_udivdi3.o)
__clzsi2                                          /opt/riscv32imc/bin/../lib/gcc/riscv32-unknown-elf/8.2.0/libgcc.a(_clzsi2.o)
                                                  /opt/riscv32imc/bin/../lib/gcc/riscv32-unknown-elf/8.2.0/libgcc.a(extendsfdf2.o)
                                                  /opt/riscv32imc/bin/../lib/gcc/riscv32-unknown-elf/8.2.0/libgcc.a(floatundisf.o)
                                                  /opt/riscv32imc/bin/../lib/gcc/riscv32-unknown-elf/8.2.0/libgcc.a(floatdisf.o)
                                                  /opt/riscv32imc/bin/../lib/gcc/riscv32-unknown-elf/8.2.0/libgcc.a(floatundidf.o)
                                                  /opt/riscv32imc/bin/../lib/gcc/riscv32-unknown-elf/8.2.0/libgcc.a(floatdidf.o)
__extendsfdf2                                     /opt/riscv32imc/bin/../lib/gcc/riscv32-unknown-elf/8.2.0/libgcc.a(extendsfdf2.o)
                                                  obj/libnklabs/src/nkserialize.o
__fixdfsi                                         /opt/riscv32imc/bin/../lib/gcc/riscv32-unknown-elf/8.2.0/libgcc.a(fixdfsi.o)
                                                  obj/libnklabs/src/nkserialize.o
__fixunsdfsi                                      /opt/riscv32imc/bin/../lib/gcc/riscv32-unknown-elf/8.2.0/libgcc.a(fixunsdfsi.o)
                                                  obj/libnklabs/src/nkserialize.o
__floatdidf                                       /opt/riscv32imc/bin/../lib/gcc/riscv32-unknown-elf/8.2.0/libgcc.a(floatdidf.o)
                                                  obj/libnklabs/src/nkserialize.o
__floatdisf                                       /opt/riscv32imc/bin/../lib/gcc/riscv32-unknown-elf/8.2.0/libgcc.a(floatdisf.o)
                                                  obj/libnklabs/src/nkserialize.o
__floatundidf                                     /opt/riscv32imc/bin/../lib/gcc/riscv32-unknown-elf/8.2.0/libgcc.a(floatundidf.o)
                                                  obj/libnklabs/src/nkserialize.o
__floatundisf                                     /opt/riscv32imc/bin/../lib/gcc/riscv32-unknown-elf/8.2.0/libgcc.a(floatundisf.o)
                                                  obj/libnklabs/src/nkserialize.o
__lshrdi3                                         /opt/riscv32imc/bin/../lib/gcc/riscv32-unknown-elf/8.2.0/libgcc.a(_lshrdi3.o)
                                                  /opt/riscv32imc/bin/../lib/gcc/riscv32-unknown-elf/8.2.0/libgcc.a(floatundisf.o)
                                                  /opt/riscv32imc/bin/../lib/gcc/riscv32-unknown-elf/8.2.0/libgcc.a(floatdisf.o)
                                                  /opt/riscv32imc/bin/../lib/gcc/riscv32-unknown-elf/8.2.0/libgcc.a(floatundidf.o)
                                                  /opt/riscv32imc/bin/../lib/gcc/riscv32-unknown-elf/8.2.0/libgcc.a(floatdidf.o)
__start_COMMAND_TABLE                             obj/libnklabs/src/nkcli.o
__stop_COMMAND_TABLE                              obj/libnklabs/src/nkcli.o
__truncdfsf2                                      /opt/riscv32imc/bin/../lib/gcc/riscv32-unknown-elf/8.2.0/libgcc.a(truncdfsf2.o)
                                                  obj/libnklabs/src/nkserialize.o
__udivdi3                                         /opt/riscv32imc/bin/../lib/gcc/riscv32-unknown-elf/8.2.0/libgcc.a(_udivdi3.o)
                                                  obj/libnklabs/src/nkprintf.o
__umoddi3                                         /opt/riscv32imc/bin/../lib/gcc/riscv32-unknown-elf/8.2.0/libgcc.a(_umoddi3.o)
                                                  obj/libnklabs/src/nkprintf.o
_ebss                                             obj/info_cmd.o
                                                  obj/start.o
_edata                                            obj/info_cmd.o
                                                  obj/start.o
_etext                                            obj/info_cmd.o
_nk_flush_and_putc                                obj/libnklabs/src/nkoutfile.o
                                                  obj/libnklabs/src/nkserialize.o
                                                  obj/libnklabs/src/nkprintf.o
                                                  obj/libnklabs/src/nkinfile.o
                                                  obj/libnklabs/src/nkdbase.o
_nk_sched                                         obj/libnklabs/src/nksched.o
                                                  obj/libnklabs/src/nkymodem.o
                                                  obj/libnklabs/src/nkcli.o
                                                  obj/nkuart_riscv.o
_sbss                                             obj/info_cmd.o
                                                  obj/start.o
_sdata                                            obj/info_cmd.o
                                                  obj/start.o
_sidata                                           obj/start.o
atoi                                              obj/nkarch_riscv.o
                                                  obj/libnklabs/src/nkymodem.o
                                                  obj/nkymodem_cmd.o
build_day                                         obj/version.o
                                                  obj/info_cmd.o
build_hour                                        obj/version.o
                                                  obj/info_cmd.o
build_minute                                      obj/version.o
                                                  obj/info_cmd.o
build_month                                       obj/version.o
                                                  obj/info_cmd.o
build_year                                        obj/version.o
                                                  obj/info_cmd.o
cal                                               obj/database.o
cal_dbase                                         obj/database.o
cal_defaults                                      obj/database.o
cal_members                                       obj/database.o
cal_rev                                           obj/database.o
cli_disabled                                      obj/libnklabs/src/nkcli.o
console_callback                                  obj/libnklabs/src/nkreadline.o
console_lock                                      obj/nkuart_riscv.o
console_prompt                                    obj/libnklabs/src/nkreadline.o
console_tid                                       obj/libnklabs/src/nkreadline.o
database_init                                     obj/database.o
                                                  obj/main.o
debug_rcv_status                                  obj/libnklabs/src/nkymodem.o
                                                  obj/nkymodem_cmd.o
facmode                                           obj/libnklabs/src/nkcli.o
                                                  obj/libnklabs/src/nkmcuflash.o
                                                  obj/basic_cmds.o
                                                  obj/fpga.o
firmware_major                                    obj/version.o
                                                  obj/info_cmd.o
firmware_minor                                    obj/version.o
                                                  obj/info_cmd.o
flashio_worker_begin                              obj/start.o
                                                  obj/nkarch_riscv.o
flashio_worker_end                                obj/start.o
                                                  obj/nkarch_riscv.o
fpga_rd                                           obj/fpga.o
                                                  obj/tunnel_fpga.o
fpga_regtable                                     obj/tunnel_fpga.o
                                                  obj/fpga.o
fpga_wr                                           obj/fpga.o
                                                  obj/tunnel_fpga.o
git_hash                                          obj/version.o
                                                  obj/info_cmd.o
irq                                               obj/main.o
                                                  obj/start.o
main                                              obj/main.o
                                                  obj/start.o
memcmp                                            obj/nkarch_riscv.o
memcpy                                            obj/nkarch_riscv.o
                                                  obj/libnklabs/src/nkreadline.o
memmove                                           obj/nkarch_riscv.o
                                                  obj/libnklabs/src/nkreadline.o
memset                                            obj/nkarch_riscv.o
                                                  obj/libnklabs/src/nkymodem.o
                                                  obj/libnklabs/src/nkcli.o
nk_alloc_tid                                      obj/libnklabs/src/nksched.o
                                                  obj/libnklabs/src/nkymodem.o
                                                  obj/libnklabs/src/nkcli.o
nk_byte_hex_dump                                  obj/libnklabs/src/nkprintf.o
                                                  obj/libnklabs/src/nkymodem.o
                                                  obj/libnklabs/src/nkmcuflash.o
                                                  obj/basic_cmds.o
                                                  obj/fpga.o
nk_check                                          obj/libnklabs/src/nksched.o
nk_checked_read                                   obj/libnklabs/src/nkchecked.o
                                                  obj/libnklabs/src/nkdbase.o
nk_checked_read_open                              obj/libnklabs/src/nkchecked.o
                                                  obj/libnklabs/src/nkdbase.o
nk_checked_write                                  obj/libnklabs/src/nkchecked.o
                                                  obj/libnklabs/src/nkdbase.o
nk_checked_write_close                            obj/libnklabs/src/nkchecked.o
                                                  obj/libnklabs/src/nkdbase.o
nk_checked_write_open                             obj/libnklabs/src/nkchecked.o
                                                  obj/libnklabs/src/nkdbase.o
nk_cli_disable                                    obj/libnklabs/src/nkcli.o
                                                  obj/libnklabs/src/nkymodem.o
nk_cli_enable                                     obj/libnklabs/src/nkcli.o
                                                  obj/libnklabs/src/nkymodem.o
nk_cli_tid                                        obj/libnklabs/src/nkcli.o
                                                  obj/libnklabs/src/nkymodem.o
nk_complete                                       obj/libnklabs/src/nkcli.o
                                                  obj/libnklabs/src/nkreadline.o
nk_convert_delay                                  obj/nkarch_riscv.o
                                                  obj/libnklabs/src/nksched.o
nk_crc16be_check                                  obj/libnklabs/src/nkcrclib.o
                                                  obj/libnklabs/src/nkymodem.o
nk_crc16be_update                                 obj/libnklabs/src/nkcrclib.o
nk_crc16le_check                                  obj/libnklabs/src/nkcrclib.o
nk_crc16le_update                                 obj/libnklabs/src/nkcrclib.o
nk_crc32be_check                                  obj/libnklabs/src/nkcrclib.o
nk_crc32be_update                                 obj/libnklabs/src/nkcrclib.o
                                                  obj/libnklabs/src/nkmcuflash.o
                                                  obj/libnklabs/src/nkdirect.o
                                                  obj/libnklabs/src/nkchecked.o
nk_crc32le_check                                  obj/libnklabs/src/nkcrclib.o
nk_crc32le_update                                 obj/libnklabs/src/nkcrclib.o
nk_crc8                                           obj/libnklabs/src/nkcrclib.o
nk_dbase_fprint                                   obj/libnklabs/src/nkserialize.o
                                                  obj/database.o
nk_dbase_load                                     obj/libnklabs/src/nkdbase.o
                                                  obj/database.o
nk_dbase_save                                     obj/libnklabs/src/nkdbase.o
                                                  obj/database.o
nk_dbase_serialize                                obj/libnklabs/src/nkserialize.o
                                                  obj/libnklabs/src/nkdbase.o
nk_direct_read                                    obj/libnklabs/src/nkdirect.o
nk_direct_read_open                               obj/libnklabs/src/nkdirect.o
nk_direct_write                                   obj/libnklabs/src/nkdirect.o
                                                  obj/nkymodem_cmd.o
nk_direct_write_close                             obj/libnklabs/src/nkdirect.o
                                                  obj/nkymodem_cmd.o
nk_direct_write_open                              obj/libnklabs/src/nkdirect.o
                                                  obj/nkymodem_cmd.o
nk_fbyte_hex_dump                                 obj/libnklabs/src/nkprintf.o
nk_fcopy                                          obj/libnklabs/src/nkinfile.o
                                                  obj/libnklabs/src/nkserialize.o
nk_fflush                                         obj/libnklabs/src/nkoutfile.o
                                                  obj/libnklabs/src/nkdbase.o
nk_findent                                        obj/libnklabs/src/nkprintf.o
                                                  obj/libnklabs/src/nkserialize.o
nk_fiscan                                         obj/libnklabs/src/nkscan.o
nk_fiscan_ident                                   obj/libnklabs/src/nkscan.o
nk_fiscan_word                                    obj/libnklabs/src/nkscan.o
nk_fprintf                                        obj/libnklabs/src/nkprintf.o
                                                  obj/libnklabs/src/nkserialize.o
                                                  obj/libnklabs/src/nkdbase.o
nk_fscan                                          obj/libnklabs/src/nkscan.o
                                                  obj/libnklabs/src/nkserialize.o
                                                  obj/libnklabs/src/nksched.o
                                                  obj/libnklabs/src/nkmcuflash.o
                                                  obj/libnklabs/src/nkdbase.o
                                                  obj/libnklabs/src/nkcli.o
                                                  obj/info_cmd.o
                                                  obj/basic_cmds.o
                                                  obj/database.o
                                                  obj/tunnel_fpga.o
                                                  obj/nkymodem_cmd.o
                                                  obj/fpga.o
nk_fscan_dec                                      obj/libnklabs/src/nkscan.o
nk_fscan_double                                   obj/libnklabs/src/nkscan.o
                                                  obj/libnklabs/src/nkserialize.o
nk_fscan_escape                                   obj/libnklabs/src/nkscan.o
                                                  obj/libnklabs/src/nkserialize.o
nk_fscan_hex                                      obj/libnklabs/src/nkscan.o
                                                  obj/libnklabs/src/nkserialize.o
nk_fscan_ident                                    obj/libnklabs/src/nkscan.o
nk_fscan_keyval                                   obj/libnklabs/src/nkserialize.o
                                                  obj/libnklabs/src/nkscan.o
nk_fscan_word                                     obj/libnklabs/src/nkscan.o
nk_fscan_ws                                       obj/libnklabs/src/nkscan.o
                                                  obj/libnklabs/src/nkserialize.o
nk_fseek_slow                                     obj/libnklabs/src/nkinfile.o
                                                  obj/libnklabs/src/nkymodem.o
                                                  obj/libnklabs/src/nkserialize.o
                                                  obj/libnklabs/src/nkscan.o
                                                  obj/libnklabs/src/nkdbase.o
nk_get_echo                                       obj/libnklabs/src/nkreadline.o
                                                  obj/basic_cmds.o
nk_get_sched_sleep_mode                           obj/libnklabs/src/nksched.o
nk_get_tid                                        obj/libnklabs/src/nksched.o
nk_get_time                                       obj/nkarch_riscv.o
                                                  obj/libnklabs/src/nksched.o
                                                  obj/nkuart_riscv.o
nk_get_uart_mode                                  obj/nkuart_riscv.o
nk_getc                                           obj/nkuart_riscv.o
                                                  obj/libnklabs/src/nkymodem.o
                                                  obj/libnklabs/src/nkreadline.o
nk_help                                           obj/libnklabs/src/nkcli.o
                                                  obj/libnklabs/src/nkreadline.o
nk_indent                                         obj/libnklabs/src/nkprintf.o
nk_infile_print                                   obj/libnklabs/src/nkinfile.o
nk_init_cli                                       obj/libnklabs/src/nkcli.o
                                                  obj/main.o
nk_init_fpga                                      obj/fpga.o
                                                  obj/main.o
nk_init_mcuflash                                  obj/nkarch_riscv.o
nk_init_sched                                     obj/libnklabs/src/nksched.o
                                                  obj/main.o
nk_init_sched_timer                               obj/nkarch_riscv.o
                                                  obj/libnklabs/src/nksched.o
nk_init_uart                                      obj/nkuart_riscv.o
                                                  obj/main.o
nk_isspace                                        obj/libnklabs/src/nkstring.o
                                                  obj/libnklabs/src/nkscan.o
nk_isxdigit                                       obj/libnklabs/src/nkstring.o
nk_kbhit                                          obj/nkuart_riscv.o
nk_mcuflash_erase                                 obj/nkarch_riscv.o
                                                  obj/libnklabs/src/nkmcuflash.o
                                                  obj/database.o
                                                  obj/nkymodem_cmd.o
nk_mcuflash_read                                  obj/nkarch_riscv.o
                                                  obj/libnklabs/src/nkmcuflash.o
                                                  obj/database.o
                                                  obj/nkymodem_cmd.o
nk_mcuflash_write                                 obj/nkarch_riscv.o
                                                  obj/libnklabs/src/nkmcuflash.o
                                                  obj/database.o
                                                  obj/nkymodem_cmd.o
nk_memicmp                                        obj/libnklabs/src/nkstring.o
nk_printf                                         obj/libnklabs/src/nkprintf.o
                                                  obj/libnklabs/src/nkymodem.o
                                                  obj/libnklabs/src/nksched.o
                                                  obj/libnklabs/src/nkmcuflash.o
                                                  obj/libnklabs/src/nkdbase.o
                                                  obj/libnklabs/src/nkcli.o
                                                  obj/info_cmd.o
                                                  obj/basic_cmds.o
                                                  obj/database.o
                                                  obj/tunnel_fpga.o
                                                  obj/nkymodem_cmd.o
                                                  obj/fpga.o
                                                  obj/main.o
nk_putc                                           obj/nkuart_riscv.o
                                                  obj/libnklabs/src/nkymodem.o
                                                  obj/libnklabs/src/nkreadline.o
                                                  obj/libnklabs/src/nkprintf.o
                                                  obj/libnklabs/src/nkcli.o
nk_puts                                           obj/nkuart_riscv.o
                                                  obj/libnklabs/src/nkreadline.o
                                                  obj/libnklabs/src/nkcli.o
nk_readline                                       obj/libnklabs/src/nkreadline.o
                                                  obj/libnklabs/src/nkcli.o
nk_resched                                        obj/libnklabs/src/nksched.o
nk_sched_loop                                     obj/libnklabs/src/nksched.o
                                                  obj/main.o
nk_sched_wakeup                                   obj/nkarch_riscv.o
                                                  obj/libnklabs/src/nksched.o
nk_set_echo                                       obj/libnklabs/src/nkreadline.o
                                                  obj/basic_cmds.o
nk_set_sched_sleep_mode                           obj/libnklabs/src/nksched.o
nk_set_uart_callback                              obj/nkuart_riscv.o
                                                  obj/libnklabs/src/nkymodem.o
                                                  obj/libnklabs/src/nkreadline.o
nk_set_uart_mode                                  obj/nkuart_riscv.o
                                                  obj/libnklabs/src/nkymodem.o
nk_sfprintf                                       obj/libnklabs/src/nkprintf.o
nk_snprintf                                       obj/libnklabs/src/nkprintf.o
                                                  obj/libnklabs/src/nkymodem.o
                                                  obj/libnklabs/src/nkserialize.o
nk_stricmp                                        obj/libnklabs/src/nkstring.o
nk_tolower                                        obj/libnklabs/src/nkstring.o
                                                  obj/libnklabs/src/nkscan.o
nk_tolowers                                       obj/libnklabs/src/nkstring.o
nk_uart_read                                      obj/nkuart_riscv.o
nk_uart_write                                     obj/nkuart_riscv.o
nk_udelay                                         obj/nkarch_riscv.o
                                                  obj/libnklabs/src/nkymodem.o
                                                  obj/basic_cmds.o
nk_unsched                                        obj/libnklabs/src/nksched.o
                                                  obj/libnklabs/src/nkymodem.o
nk_viscan                                         obj/libnklabs/src/nkscan.o
nk_vprintf                                        obj/libnklabs/src/nkprintf.o
nk_vscan                                          obj/libnklabs/src/nkscan.o
nk_xpath                                          obj/libnklabs/src/nkserialize.o
                                                  obj/database.o
nk_yrecv                                          obj/libnklabs/src/nkymodem.o
                                                  obj/nkymodem_cmd.o
nk_yrecv_str                                      obj/nkymodem_cmd.o
nk_ysend_file                                     obj/libnklabs/src/nkymodem.o
nkinfile_null                                     obj/libnklabs/src/nkinfile.o
                                                  obj/libnklabs/src/nksched.o
nkinfile_open                                     obj/libnklabs/src/nkinfile.o
                                                  obj/libnklabs/src/nkdbase.o
nkinfile_open_mem                                 obj/libnklabs/src/nkinfile.o
nkinfile_open_string                              obj/libnklabs/src/nkinfile.o
                                                  obj/libnklabs/src/nkserialize.o
                                                  obj/libnklabs/src/nkcli.o
nkoutfile_open                                    obj/libnklabs/src/nkoutfile.o
                                                  obj/libnklabs/src/nkdbase.o
nkoutfile_open_mem                                obj/libnklabs/src/nkoutfile.o
                                                  obj/libnklabs/src/nkprintf.o
nkstderr                                          obj/libnklabs/src/nkprintf.o
                                                  obj/libnklabs/src/nkserialize.o
                                                  obj/libnklabs/src/nkdbase.o
nkstdnull                                         obj/libnklabs/src/nkprintf.o
nkstdout                                          obj/libnklabs/src/nkprintf.o
                                                  obj/libnklabs/src/nkinfile.o
                                                  obj/database.o
picorv32_timer_irq                                obj/nkarch_riscv.o
                                                  obj/main.o
picorv32_uart_irq                                 obj/nkuart_riscv.o
                                                  obj/main.o
reboot                                            obj/tunnel_fpga.o
                                                  obj/basic_cmds.o
sched_lock                                        obj/libnklabs/src/nksched.o
stpcpy                                            obj/nkarch_riscv.o
strcmp                                            obj/nkarch_riscv.o
                                                  obj/libnklabs/src/nkserialize.o
                                                  obj/libnklabs/src/nkcli.o
strcpy                                            obj/nkarch_riscv.o
                                                  obj/libnklabs/src/nkreadline.o
                                                  obj/nkymodem_cmd.o
strlen                                            obj/nkarch_riscv.o
                                                  obj/libnklabs/src/nkymodem.o
                                                  obj/libnklabs/src/nkreadline.o
                                                  obj/libnklabs/src/nkprintf.o
                                                  obj/libnklabs/src/nkinfile.o
                                                  obj/libnklabs/src/nkcli.o
                                                  obj/nkymodem_cmd.o
tag                                               obj/tunnel_fpga.o
test_tid                                          obj/libnklabs/src/nksched.o
tyBOOL                                            obj/libnklabs/src/nkserialize.o
tyCAL                                             obj/database.o
tyDOUBLE                                          obj/libnklabs/src/nkserialize.o
tyFLOAT                                           obj/libnklabs/src/nkserialize.o
tyINT                                             obj/libnklabs/src/nkserialize.o
tyINT16                                           obj/libnklabs/src/nkserialize.o
tyINT8                                            obj/libnklabs/src/nkserialize.o
tyIPADDR                                          obj/database.o
tyMACADDR                                         obj/database.o
tyUINT                                            obj/libnklabs/src/nkserialize.o
tyUINT16                                          obj/libnklabs/src/nkserialize.o
                                                  obj/database.o
tyUINT8                                           obj/libnklabs/src/nkserialize.o
                                                  obj/database.o
waiting_rx_task                                   obj/nkuart_riscv.o
waiting_rx_task_data                              obj/nkuart_riscv.o
waiting_rx_tid                                    obj/nkuart_riscv.o
xfer_buf                                          obj/database.o
ymodem_file                                       obj/nkymodem_cmd.o
                                                  obj/libnklabs/src/nkymodem.o
ymodem_file_fpga                                  obj/nkymodem_cmd.o
ymodem_file_fw0                                   obj/nkymodem_cmd.o
ymodem_file_fw1                                   obj/nkymodem_cmd.o
ymodem_rcv                                        obj/libnklabs/src/nkymodem.o
ymodem_recv_init                                  obj/libnklabs/src/nkymodem.o
