Archive member included to satisfy reference by file (symbol)

/opt/riscv32imc/bin/../lib/gcc/riscv32-unknown-elf/8.2.0/libgcc.a(_udivdi3.o)
                              obj/libnklabs/src/nkprintf.o (__udivdi3)
/opt/riscv32imc/bin/../lib/gcc/riscv32-unknown-elf/8.2.0/libgcc.a(_umoddi3.o)
                              obj/libnklabs/src/nkprintf.o (__umoddi3)
/opt/riscv32imc/bin/../lib/gcc/riscv32-unknown-elf/8.2.0/libgcc.a(fixdfsi.o)
                              obj/libnklabs/src/nkserialize.o (__fixdfsi)
/opt/riscv32imc/bin/../lib/gcc/riscv32-unknown-elf/8.2.0/libgcc.a(fixunsdfsi.o)
                              obj/libnklabs/src/nkserialize.o (__fixunsdfsi)
/opt/riscv32imc/bin/../lib/gcc/riscv32-unknown-elf/8.2.0/libgcc.a(floatdidf.o)
                              obj/libnklabs/src/nkserialize.o (__floatdidf)
/opt/riscv32imc/bin/../lib/gcc/riscv32-unknown-elf/8.2.0/libgcc.a(floatundidf.o)
                              obj/libnklabs/src/nkserialize.o (__floatundidf)
/opt/riscv32imc/bin/../lib/gcc/riscv32-unknown-elf/8.2.0/libgcc.a(floatdisf.o)
                              obj/libnklabs/src/nkserialize.o (__floatdisf)
/opt/riscv32imc/bin/../lib/gcc/riscv32-unknown-elf/8.2.0/libgcc.a(floatundisf.o)
                              obj/libnklabs/src/nkserialize.o (__floatundisf)
/opt/riscv32imc/bin/../lib/gcc/riscv32-unknown-elf/8.2.0/libgcc.a(extendsfdf2.o)
                              obj/libnklabs/src/nkserialize.o (__extendsfdf2)
/opt/riscv32imc/bin/../lib/gcc/riscv32-unknown-elf/8.2.0/libgcc.a(truncdfsf2.o)
                              obj/libnklabs/src/nkserialize.o (__truncdfsf2)
/opt/riscv32imc/bin/../lib/gcc/riscv32-unknown-elf/8.2.0/libgcc.a(_lshrdi3.o)
                              /opt/riscv32imc/bin/../lib/gcc/riscv32-unknown-elf/8.2.0/libgcc.a(floatdidf.o) (__lshrdi3)
/opt/riscv32imc/bin/../lib/gcc/riscv32-unknown-elf/8.2.0/libgcc.a(_ashldi3.o)
                              /opt/riscv32imc/bin/../lib/gcc/riscv32-unknown-elf/8.2.0/libgcc.a(floatdidf.o) (__ashldi3)
/opt/riscv32imc/bin/../lib/gcc/riscv32-unknown-elf/8.2.0/libgcc.a(_clz.o)
                              /opt/riscv32imc/bin/../lib/gcc/riscv32-unknown-elf/8.2.0/libgcc.a(_udivdi3.o) (__clz_tab)
/opt/riscv32imc/bin/../lib/gcc/riscv32-unknown-elf/8.2.0/libgcc.a(_clzsi2.o)
                              /opt/riscv32imc/bin/../lib/gcc/riscv32-unknown-elf/8.2.0/libgcc.a(floatdidf.o) (__clzsi2)

Allocating common symbols
Common symbol       size              file

xfer_buf            0x80              obj/database.o
test_tid            0x4               obj/libnklabs/src/nksched.o
nk_cli_tid          0x4               obj/libnklabs/src/nkcli.o
cal                 0xc               obj/database.o
waiting_rx_task     0x4               obj/nkuart_riscv.o
ymodem_file         0xc               obj/nkymodem_cmd.o
tag                 0x1               obj/tunnel_fpga.o
waiting_rx_task_data
                    0x4               obj/nkuart_riscv.o
console_tid         0x4               obj/libnklabs/src/nkreadline.o
console_prompt      0x4               obj/libnklabs/src/nkreadline.o
cal_rev             0x1               obj/database.o
waiting_rx_tid      0x4               obj/nkuart_riscv.o
console_callback    0x4               obj/libnklabs/src/nkreadline.o

Discarded input sections

 .debug_info    0x0000000000000000     0x121a /opt/riscv32imc/bin/../lib/gcc/riscv32-unknown-elf/8.2.0/libgcc.a(_udivdi3.o)
 .debug_abbrev  0x0000000000000000      0x2cc /opt/riscv32imc/bin/../lib/gcc/riscv32-unknown-elf/8.2.0/libgcc.a(_udivdi3.o)
 .debug_loc     0x0000000000000000      0xc1c /opt/riscv32imc/bin/../lib/gcc/riscv32-unknown-elf/8.2.0/libgcc.a(_udivdi3.o)
 .debug_aranges
                0x0000000000000000       0x20 /opt/riscv32imc/bin/../lib/gcc/riscv32-unknown-elf/8.2.0/libgcc.a(_udivdi3.o)
 .debug_ranges  0x0000000000000000      0x100 /opt/riscv32imc/bin/../lib/gcc/riscv32-unknown-elf/8.2.0/libgcc.a(_udivdi3.o)
 .debug_line    0x0000000000000000      0x8c3 /opt/riscv32imc/bin/../lib/gcc/riscv32-unknown-elf/8.2.0/libgcc.a(_udivdi3.o)
 .debug_str     0x0000000000000000      0x81e /opt/riscv32imc/bin/../lib/gcc/riscv32-unknown-elf/8.2.0/libgcc.a(_udivdi3.o)
 .debug_info    0x0000000000000000     0x1278 /opt/riscv32imc/bin/../lib/gcc/riscv32-unknown-elf/8.2.0/libgcc.a(_umoddi3.o)
 .debug_abbrev  0x0000000000000000      0x2e8 /opt/riscv32imc/bin/../lib/gcc/riscv32-unknown-elf/8.2.0/libgcc.a(_umoddi3.o)
 .debug_loc     0x0000000000000000      0x969 /opt/riscv32imc/bin/../lib/gcc/riscv32-unknown-elf/8.2.0/libgcc.a(_umoddi3.o)
 .debug_aranges
                0x0000000000000000       0x20 /opt/riscv32imc/bin/../lib/gcc/riscv32-unknown-elf/8.2.0/libgcc.a(_umoddi3.o)
 .debug_ranges  0x0000000000000000       0xd0 /opt/riscv32imc/bin/../lib/gcc/riscv32-unknown-elf/8.2.0/libgcc.a(_umoddi3.o)
 .debug_line    0x0000000000000000      0x973 /opt/riscv32imc/bin/../lib/gcc/riscv32-unknown-elf/8.2.0/libgcc.a(_umoddi3.o)
 .debug_str     0x0000000000000000      0x81e /opt/riscv32imc/bin/../lib/gcc/riscv32-unknown-elf/8.2.0/libgcc.a(_umoddi3.o)
 .debug_info    0x0000000000000000      0x217 /opt/riscv32imc/bin/../lib/gcc/riscv32-unknown-elf/8.2.0/libgcc.a(fixdfsi.o)
 .debug_abbrev  0x0000000000000000      0x18a /opt/riscv32imc/bin/../lib/gcc/riscv32-unknown-elf/8.2.0/libgcc.a(fixdfsi.o)
 .debug_loc     0x0000000000000000      0x16d /opt/riscv32imc/bin/../lib/gcc/riscv32-unknown-elf/8.2.0/libgcc.a(fixdfsi.o)
 .debug_aranges
                0x0000000000000000       0x20 /opt/riscv32imc/bin/../lib/gcc/riscv32-unknown-elf/8.2.0/libgcc.a(fixdfsi.o)
 .debug_ranges  0x0000000000000000       0x18 /opt/riscv32imc/bin/../lib/gcc/riscv32-unknown-elf/8.2.0/libgcc.a(fixdfsi.o)
 .debug_line    0x0000000000000000      0x21b /opt/riscv32imc/bin/../lib/gcc/riscv32-unknown-elf/8.2.0/libgcc.a(fixdfsi.o)
 .debug_str     0x0000000000000000      0x241 /opt/riscv32imc/bin/../lib/gcc/riscv32-unknown-elf/8.2.0/libgcc.a(fixdfsi.o)
 .debug_frame   0x0000000000000000       0x20 /opt/riscv32imc/bin/../lib/gcc/riscv32-unknown-elf/8.2.0/libgcc.a(fixdfsi.o)
 .debug_info    0x0000000000000000      0x205 /opt/riscv32imc/bin/../lib/gcc/riscv32-unknown-elf/8.2.0/libgcc.a(fixunsdfsi.o)
 .debug_abbrev  0x0000000000000000      0x18a /opt/riscv32imc/bin/../lib/gcc/riscv32-unknown-elf/8.2.0/libgcc.a(fixunsdfsi.o)
 .debug_loc     0x0000000000000000       0xef /opt/riscv32imc/bin/../lib/gcc/riscv32-unknown-elf/8.2.0/libgcc.a(fixunsdfsi.o)
 .debug_aranges
                0x0000000000000000       0x20 /opt/riscv32imc/bin/../lib/gcc/riscv32-unknown-elf/8.2.0/libgcc.a(fixunsdfsi.o)
 .debug_ranges  0x0000000000000000       0x20 /opt/riscv32imc/bin/../lib/gcc/riscv32-unknown-elf/8.2.0/libgcc.a(fixunsdfsi.o)
 .debug_line    0x0000000000000000      0x1d0 /opt/riscv32imc/bin/../lib/gcc/riscv32-unknown-elf/8.2.0/libgcc.a(fixunsdfsi.o)
 .debug_str     0x0000000000000000      0x240 /opt/riscv32imc/bin/../lib/gcc/riscv32-unknown-elf/8.2.0/libgcc.a(fixunsdfsi.o)
 .debug_frame   0x0000000000000000       0x20 /opt/riscv32imc/bin/../lib/gcc/riscv32-unknown-elf/8.2.0/libgcc.a(fixunsdfsi.o)
 .debug_info    0x0000000000000000      0x2f5 /opt/riscv32imc/bin/../lib/gcc/riscv32-unknown-elf/8.2.0/libgcc.a(floatdidf.o)
 .debug_abbrev  0x0000000000000000      0x19f /opt/riscv32imc/bin/../lib/gcc/riscv32-unknown-elf/8.2.0/libgcc.a(floatdidf.o)
 .debug_loc     0x0000000000000000      0x250 /opt/riscv32imc/bin/../lib/gcc/riscv32-unknown-elf/8.2.0/libgcc.a(floatdidf.o)
 .debug_aranges
                0x0000000000000000       0x20 /opt/riscv32imc/bin/../lib/gcc/riscv32-unknown-elf/8.2.0/libgcc.a(floatdidf.o)
 .debug_ranges  0x0000000000000000       0x68 /opt/riscv32imc/bin/../lib/gcc/riscv32-unknown-elf/8.2.0/libgcc.a(floatdidf.o)
 .debug_line    0x0000000000000000      0x40b /opt/riscv32imc/bin/../lib/gcc/riscv32-unknown-elf/8.2.0/libgcc.a(floatdidf.o)
 .debug_str     0x0000000000000000      0x2e1 /opt/riscv32imc/bin/../lib/gcc/riscv32-unknown-elf/8.2.0/libgcc.a(floatdidf.o)
 .debug_frame   0x0000000000000000       0x4c /opt/riscv32imc/bin/../lib/gcc/riscv32-unknown-elf/8.2.0/libgcc.a(floatdidf.o)
 .debug_info    0x0000000000000000      0x2e8 /opt/riscv32imc/bin/../lib/gcc/riscv32-unknown-elf/8.2.0/libgcc.a(floatundidf.o)
 .debug_abbrev  0x0000000000000000      0x19f /opt/riscv32imc/bin/../lib/gcc/riscv32-unknown-elf/8.2.0/libgcc.a(floatundidf.o)
 .debug_loc     0x0000000000000000      0x2ec /opt/riscv32imc/bin/../lib/gcc/riscv32-unknown-elf/8.2.0/libgcc.a(floatundidf.o)
 .debug_aranges
                0x0000000000000000       0x20 /opt/riscv32imc/bin/../lib/gcc/riscv32-unknown-elf/8.2.0/libgcc.a(floatundidf.o)
 .debug_ranges  0x0000000000000000       0x68 /opt/riscv32imc/bin/../lib/gcc/riscv32-unknown-elf/8.2.0/libgcc.a(floatundidf.o)
 .debug_line    0x0000000000000000      0x3ef /opt/riscv32imc/bin/../lib/gcc/riscv32-unknown-elf/8.2.0/libgcc.a(floatundidf.o)
 .debug_str     0x0000000000000000      0x2de /opt/riscv32imc/bin/../lib/gcc/riscv32-unknown-elf/8.2.0/libgcc.a(floatundidf.o)
 .debug_frame   0x0000000000000000       0x44 /opt/riscv32imc/bin/../lib/gcc/riscv32-unknown-elf/8.2.0/libgcc.a(floatundidf.o)
 .debug_info    0x0000000000000000      0x259 /opt/riscv32imc/bin/../lib/gcc/riscv32-unknown-elf/8.2.0/libgcc.a(floatdisf.o)
 .debug_abbrev  0x0000000000000000      0x18d /opt/riscv32imc/bin/../lib/gcc/riscv32-unknown-elf/8.2.0/libgcc.a(floatdisf.o)
 .debug_loc     0x0000000000000000      0x1b2 /opt/riscv32imc/bin/../lib/gcc/riscv32-unknown-elf/8.2.0/libgcc.a(floatdisf.o)
 .debug_aranges
                0x0000000000000000       0x20 /opt/riscv32imc/bin/../lib/gcc/riscv32-unknown-elf/8.2.0/libgcc.a(floatdisf.o)
 .debug_ranges  0x0000000000000000       0x68 /opt/riscv32imc/bin/../lib/gcc/riscv32-unknown-elf/8.2.0/libgcc.a(floatdisf.o)
 .debug_line    0x0000000000000000      0x339 /opt/riscv32imc/bin/../lib/gcc/riscv32-unknown-elf/8.2.0/libgcc.a(floatdisf.o)
 .debug_str     0x0000000000000000      0x2b8 /opt/riscv32imc/bin/../lib/gcc/riscv32-unknown-elf/8.2.0/libgcc.a(floatdisf.o)
 .debug_frame   0x0000000000000000       0x48 /opt/riscv32imc/bin/../lib/gcc/riscv32-unknown-elf/8.2.0/libgcc.a(floatdisf.o)
 .debug_info    0x0000000000000000      0x24c /opt/riscv32imc/bin/../lib/gcc/riscv32-unknown-elf/8.2.0/libgcc.a(floatundisf.o)
 .debug_abbrev  0x0000000000000000      0x18d /opt/riscv32imc/bin/../lib/gcc/riscv32-unknown-elf/8.2.0/libgcc.a(floatundisf.o)
 .debug_loc     0x0000000000000000      0x1c8 /opt/riscv32imc/bin/../lib/gcc/riscv32-unknown-elf/8.2.0/libgcc.a(floatundisf.o)
 .debug_aranges
                0x0000000000000000       0x20 /opt/riscv32imc/bin/../lib/gcc/riscv32-unknown-elf/8.2.0/libgcc.a(floatundisf.o)
 .debug_ranges  0x0000000000000000       0x68 /opt/riscv32imc/bin/../lib/gcc/riscv32-unknown-elf/8.2.0/libgcc.a(floatundisf.o)
 .debug_line    0x0000000000000000      0x31d /opt/riscv32imc/bin/../lib/gcc/riscv32-unknown-elf/8.2.0/libgcc.a(floatundisf.o)
 .debug_str     0x0000000000000000      0x2b5 /opt/riscv32imc/bin/../lib/gcc/riscv32-unknown-elf/8.2.0/libgcc.a(floatundisf.o)
 .debug_frame   0x0000000000000000       0x44 /opt/riscv32imc/bin/../lib/gcc/riscv32-unknown-elf/8.2.0/libgcc.a(floatundisf.o)
 .debug_info    0x0000000000000000      0x2a9 /opt/riscv32imc/bin/../lib/gcc/riscv32-unknown-elf/8.2.0/libgcc.a(extendsfdf2.o)
 .debug_abbrev  0x0000000000000000      0x17b /opt/riscv32imc/bin/../lib/gcc/riscv32-unknown-elf/8.2.0/libgcc.a(extendsfdf2.o)
 .debug_loc     0x0000000000000000      0x1a4 /opt/riscv32imc/bin/../lib/gcc/riscv32-unknown-elf/8.2.0/libgcc.a(extendsfdf2.o)
 .debug_aranges
                0x0000000000000000       0x20 /opt/riscv32imc/bin/../lib/gcc/riscv32-unknown-elf/8.2.0/libgcc.a(extendsfdf2.o)
 .debug_ranges  0x0000000000000000       0x38 /opt/riscv32imc/bin/../lib/gcc/riscv32-unknown-elf/8.2.0/libgcc.a(extendsfdf2.o)
 .debug_line    0x0000000000000000      0x363 /opt/riscv32imc/bin/../lib/gcc/riscv32-unknown-elf/8.2.0/libgcc.a(extendsfdf2.o)
 .debug_str     0x0000000000000000      0x265 /opt/riscv32imc/bin/../lib/gcc/riscv32-unknown-elf/8.2.0/libgcc.a(extendsfdf2.o)
 .debug_frame   0x0000000000000000       0x38 /opt/riscv32imc/bin/../lib/gcc/riscv32-unknown-elf/8.2.0/libgcc.a(extendsfdf2.o)
 .debug_info    0x0000000000000000      0x2e2 /opt/riscv32imc/bin/../lib/gcc/riscv32-unknown-elf/8.2.0/libgcc.a(truncdfsf2.o)
 .debug_abbrev  0x0000000000000000      0x177 /opt/riscv32imc/bin/../lib/gcc/riscv32-unknown-elf/8.2.0/libgcc.a(truncdfsf2.o)
 .debug_loc     0x0000000000000000      0x369 /opt/riscv32imc/bin/../lib/gcc/riscv32-unknown-elf/8.2.0/libgcc.a(truncdfsf2.o)
 .debug_aranges
                0x0000000000000000       0x20 /opt/riscv32imc/bin/../lib/gcc/riscv32-unknown-elf/8.2.0/libgcc.a(truncdfsf2.o)
 .debug_ranges  0x0000000000000000       0x40 /opt/riscv32imc/bin/../lib/gcc/riscv32-unknown-elf/8.2.0/libgcc.a(truncdfsf2.o)
 .debug_line    0x0000000000000000      0x3fd /opt/riscv32imc/bin/../lib/gcc/riscv32-unknown-elf/8.2.0/libgcc.a(truncdfsf2.o)
 .debug_str     0x0000000000000000      0x2c3 /opt/riscv32imc/bin/../lib/gcc/riscv32-unknown-elf/8.2.0/libgcc.a(truncdfsf2.o)
 .debug_frame   0x0000000000000000       0x20 /opt/riscv32imc/bin/../lib/gcc/riscv32-unknown-elf/8.2.0/libgcc.a(truncdfsf2.o)
 .debug_info    0x0000000000000000      0xc47 /opt/riscv32imc/bin/../lib/gcc/riscv32-unknown-elf/8.2.0/libgcc.a(_lshrdi3.o)
 .debug_abbrev  0x0000000000000000      0x275 /opt/riscv32imc/bin/../lib/gcc/riscv32-unknown-elf/8.2.0/libgcc.a(_lshrdi3.o)
 .debug_loc     0x0000000000000000       0x7e /opt/riscv32imc/bin/../lib/gcc/riscv32-unknown-elf/8.2.0/libgcc.a(_lshrdi3.o)
 .debug_aranges
                0x0000000000000000       0x20 /opt/riscv32imc/bin/../lib/gcc/riscv32-unknown-elf/8.2.0/libgcc.a(_lshrdi3.o)
 .debug_line    0x0000000000000000      0x2d3 /opt/riscv32imc/bin/../lib/gcc/riscv32-unknown-elf/8.2.0/libgcc.a(_lshrdi3.o)
 .debug_str     0x0000000000000000      0x7b4 /opt/riscv32imc/bin/../lib/gcc/riscv32-unknown-elf/8.2.0/libgcc.a(_lshrdi3.o)
 .debug_frame   0x0000000000000000       0x20 /opt/riscv32imc/bin/../lib/gcc/riscv32-unknown-elf/8.2.0/libgcc.a(_lshrdi3.o)
 .debug_info    0x0000000000000000      0xc47 /opt/riscv32imc/bin/../lib/gcc/riscv32-unknown-elf/8.2.0/libgcc.a(_ashldi3.o)
 .debug_abbrev  0x0000000000000000      0x275 /opt/riscv32imc/bin/../lib/gcc/riscv32-unknown-elf/8.2.0/libgcc.a(_ashldi3.o)
 .debug_loc     0x0000000000000000       0x7e /opt/riscv32imc/bin/../lib/gcc/riscv32-unknown-elf/8.2.0/libgcc.a(_ashldi3.o)
 .debug_aranges
                0x0000000000000000       0x20 /opt/riscv32imc/bin/../lib/gcc/riscv32-unknown-elf/8.2.0/libgcc.a(_ashldi3.o)
 .debug_line    0x0000000000000000      0x2d3 /opt/riscv32imc/bin/../lib/gcc/riscv32-unknown-elf/8.2.0/libgcc.a(_ashldi3.o)
 .debug_str     0x0000000000000000      0x7b4 /opt/riscv32imc/bin/../lib/gcc/riscv32-unknown-elf/8.2.0/libgcc.a(_ashldi3.o)
 .debug_frame   0x0000000000000000       0x20 /opt/riscv32imc/bin/../lib/gcc/riscv32-unknown-elf/8.2.0/libgcc.a(_ashldi3.o)
 .debug_info    0x0000000000000000      0xb3f /opt/riscv32imc/bin/../lib/gcc/riscv32-unknown-elf/8.2.0/libgcc.a(_clz.o)
 .debug_abbrev  0x0000000000000000      0x1e8 /opt/riscv32imc/bin/../lib/gcc/riscv32-unknown-elf/8.2.0/libgcc.a(_clz.o)
 .debug_aranges
                0x0000000000000000       0x18 /opt/riscv32imc/bin/../lib/gcc/riscv32-unknown-elf/8.2.0/libgcc.a(_clz.o)
 .debug_line    0x0000000000000000      0x1ff /opt/riscv32imc/bin/../lib/gcc/riscv32-unknown-elf/8.2.0/libgcc.a(_clz.o)
 .debug_str     0x0000000000000000      0x765 /opt/riscv32imc/bin/../lib/gcc/riscv32-unknown-elf/8.2.0/libgcc.a(_clz.o)
 .debug_info    0x0000000000000000      0xbac /opt/riscv32imc/bin/../lib/gcc/riscv32-unknown-elf/8.2.0/libgcc.a(_clzsi2.o)
 .debug_abbrev  0x0000000000000000      0x242 /opt/riscv32imc/bin/../lib/gcc/riscv32-unknown-elf/8.2.0/libgcc.a(_clzsi2.o)
 .debug_loc     0x0000000000000000       0x6b /opt/riscv32imc/bin/../lib/gcc/riscv32-unknown-elf/8.2.0/libgcc.a(_clzsi2.o)
 .debug_aranges
                0x0000000000000000       0x20 /opt/riscv32imc/bin/../lib/gcc/riscv32-unknown-elf/8.2.0/libgcc.a(_clzsi2.o)
 .debug_ranges  0x0000000000000000       0x20 /opt/riscv32imc/bin/../lib/gcc/riscv32-unknown-elf/8.2.0/libgcc.a(_clzsi2.o)
 .debug_line    0x0000000000000000      0x281 /opt/riscv32imc/bin/../lib/gcc/riscv32-unknown-elf/8.2.0/libgcc.a(_clzsi2.o)
 .debug_str     0x0000000000000000      0x782 /opt/riscv32imc/bin/../lib/gcc/riscv32-unknown-elf/8.2.0/libgcc.a(_clzsi2.o)
 .debug_frame   0x0000000000000000       0x20 /opt/riscv32imc/bin/../lib/gcc/riscv32-unknown-elf/8.2.0/libgcc.a(_clzsi2.o)

Memory Configuration

Name             Origin             Length             Attributes
FLASH            0x0000000000100000 0x0000000000100000 xr
RAM              0x0000000000000100 0x000000000000ff00 xrw
*default*        0x0000000000000000 0xffffffffffffffff

Linker script and memory map


.text           0x0000000000100000     0xc9bc
                0x0000000000100000                . = ALIGN (0x4)
 *(.text)
 .text          0x0000000000100000      0x1a2 obj/basic_cmds.o
 .text          0x00000000001001a2      0x30a obj/database.o
                0x0000000000100438                database_init
 .text          0x00000000001004ac      0x5d6 obj/fpga.o
                0x0000000000100a66                fpga_wr
                0x0000000000100a72                fpga_rd
                0x0000000000100a80                nk_init_fpga
 .text          0x0000000000100a82      0x1c0 obj/info_cmd.o
 .text          0x0000000000100c42      0x202 obj/libnklabs/src/nkchecked.o
                0x0000000000100c42                nk_checked_read_open
                0x0000000000100d0e                nk_checked_read
                0x0000000000100d4a                nk_checked_write_open
                0x0000000000100d80                nk_checked_write
                0x0000000000100e24                nk_checked_write_close
 .text          0x0000000000100e44      0x4d8 obj/libnklabs/src/nkcli.o
                0x0000000000101056                nk_complete
                0x0000000000101120                nk_help
                0x0000000000101248                nk_cli_enable
                0x0000000000101266                nk_cli_disable
                0x0000000000101270                nk_init_cli
 .text          0x000000000010131c      0x174 obj/libnklabs/src/nkcrclib.o
                0x000000000010131c                nk_crc8
                0x0000000000101362                nk_crc32be_update
                0x000000000010137c                nk_crc32be_check
                0x00000000001013a8                nk_crc32le_update
                0x00000000001013c6                nk_crc32le_check
                0x00000000001013f2                nk_crc16be_update
                0x0000000000101412                nk_crc16be_check
                0x000000000010143e                nk_crc16le_update
                0x0000000000101464                nk_crc16le_check
 .text          0x0000000000101490      0x2c8 obj/libnklabs/src/nkdbase.o
                0x0000000000101490                nk_dbase_save
                0x00000000001015ac                nk_dbase_load
 .text          0x0000000000101758       0xfc obj/libnklabs/src/nkdirect.o
                0x0000000000101758                nk_direct_read_open
                0x0000000000101766                nk_direct_read
                0x00000000001017a0                nk_direct_write_open
                0x00000000001017ae                nk_direct_write
                0x0000000000101850                nk_direct_write_close
 .text          0x0000000000101854      0x16a obj/libnklabs/src/nkinfile.o
                0x0000000000101854                nk_fseek_slow
                0x00000000001018b8                nkinfile_open
                0x00000000001018f2                nkinfile_open_mem
                0x0000000000101912                nkinfile_open_string
                0x0000000000101936                nk_fcopy
                0x00000000001019ac                nk_infile_print
 .text          0x00000000001019be      0x432 obj/libnklabs/src/nkmcuflash.o
 .text          0x0000000000101df0       0xa6 obj/libnklabs/src/nkoutfile.o
                0x0000000000101df0                nkoutfile_open
                0x0000000000101e02                nk_fflush
                0x0000000000101e3c                nkoutfile_open_mem
                0x0000000000101e54                _nk_flush_and_putc
 .text          0x0000000000101e96      0x9d8 obj/libnklabs/src/nkprintf.o
                0x0000000000101ec4                nk_findent
                0x0000000000101f26                nk_indent
                0x0000000000101f38                _nk_vprintf
                0x0000000000102624                _nk_snprintf
                0x000000000010265c                _nk_sfprintf
                0x00000000001026aa                _nk_printf
                0x00000000001026ce                _nk_fprintf
                0x00000000001026ea                nk_fbyte_hex_dump
                0x0000000000102856                nk_byte_hex_dump
 .text          0x000000000010286e      0x896 obj/libnklabs/src/nkreadline.o
                0x00000000001030aa                nk_set_echo
                0x00000000001030b6                nk_get_echo
                0x00000000001030bc                nk_readline
 .text          0x0000000000103104      0xb8e obj/libnklabs/src/nkscan.o
                0x0000000000103104                nk_fscan_ws
                0x000000000010314e                nk_fscan_escape
                0x000000000010365a                nk_fscan_word
                0x0000000000103670                nk_fiscan_word
                0x0000000000103686                nk_fscan_ident
                0x000000000010369c                nk_fiscan_ident
                0x00000000001036b2                nk_fscan_hex
                0x00000000001037f6                nk_fscan_dec
                0x0000000000103c2e                nk_fscan_double
                0x0000000000103c32                _nk_vscan
                0x0000000000103c46                _nk_viscan
                0x0000000000103c5a                _nk_fscan
                0x0000000000103c76                _nk_fiscan
 .text          0x0000000000103c92      0x4b4 obj/libnklabs/src/nksched.o
                0x0000000000103d10                nk_get_tid
                0x0000000000103d18                nk_alloc_tid
                0x0000000000103d26                _nk_sched
                0x0000000000103f30                nk_resched
                0x0000000000103fe8                nk_unsched
                0x0000000000104034                nk_check
                0x0000000000104078                nk_init_sched
                0x00000000001040be                nk_get_sched_sleep_mode
                0x00000000001040c6                nk_set_sched_sleep_mode
                0x00000000001040d4                nk_sched_loop
 .text          0x0000000000104146     0x29cc obj/libnklabs/src/nkserialize.o
                0x0000000000104828                nk_dbase_fprint
                0x0000000000104eb8                nk_dbase_serialize
                0x00000000001053a4                nk_fscan_keyval
                0x000000000010692c                nk_xpath
 .text          0x0000000000106b12      0x124 obj/libnklabs/src/nkstring.o
                0x0000000000106b12                nk_tolower
                0x0000000000106b22                nk_tolowers
                0x0000000000106b46                nk_stricmp
                0x0000000000106bac                nk_memicmp
                0x0000000000106c06                nk_isxdigit
                0x0000000000106c22                nk_isspace
 .text          0x0000000000106c36      0xc76 obj/libnklabs/src/nkymodem.o
                0x0000000000106f78                nk_ysend_file
                0x0000000000107020                ymodem_recv_init
                0x0000000000107072                ymodem_rcv
                0x0000000000107780                nk_yrecv
                0x000000000010782a                debug_rcv_status
 .text          0x00000000001078ac       0x60 obj/main.o
                0x00000000001078ac                irq
                0x00000000001078d6                main
 .text          0x000000000010790c      0x452 obj/nkarch_riscv.o
                0x0000000000107978                nk_convert_delay
                0x0000000000107984                picorv32_timer_irq
                0x0000000000107986                nk_init_sched_timer
                0x0000000000107988                nk_sched_wakeup
                0x000000000010799e                nk_get_time
                0x00000000001079a6                nk_udelay
                0x00000000001079c4                nk_init_mcuflash
                0x00000000001079c8                nk_mcuflash_erase
                0x0000000000107abe                strlen
                0x0000000000107ad8                strcmp
                0x0000000000107b18                strcpy
                0x0000000000107b2a                stpcpy
                0x0000000000107b44                memset
                0x0000000000107b56                memmove
                0x0000000000107b90                memcpy
                0x0000000000107ba8                nk_mcuflash_write
                0x0000000000107c42                nk_mcuflash_read
                0x0000000000107cdc                memcmp
                0x0000000000107d20                atoi
 .text          0x0000000000107d5e      0x290 obj/nkuart_riscv.o
                0x0000000000107d9e                nk_set_uart_callback
                0x0000000000107dfe                nk_get_uart_mode
                0x0000000000107e06                nk_set_uart_mode
                0x0000000000107e14                nk_putc
                0x0000000000107e5a                nk_puts
                0x0000000000107e88                nk_uart_write
                0x0000000000107ebc                picorv32_uart_irq
                0x0000000000107f00                nk_getc
                0x0000000000107f48                nk_kbhit
                0x0000000000107f6e                nk_uart_read
                0x0000000000107fec                nk_init_uart
 .text          0x0000000000107fee      0x22a obj/nkymodem_cmd.o
 *fill*         0x0000000000108218        0x8 
 .text          0x0000000000108220      0x2e8 obj/start.o
                0x0000000000108448                flashio_worker_begin
                0x00000000001084fc                flashio_worker_end
 .text          0x0000000000108508      0x57a obj/tunnel_fpga.o
                0x0000000000108a80                reboot
 .text          0x0000000000108a82        0x0 obj/version.o
 .text          0x0000000000108a82      0x35e /opt/riscv32imc/bin/../lib/gcc/riscv32-unknown-elf/8.2.0/libgcc.a(_udivdi3.o)
                0x0000000000108a82                __udivdi3
 .text          0x0000000000108de0      0x352 /opt/riscv32imc/bin/../lib/gcc/riscv32-unknown-elf/8.2.0/libgcc.a(_umoddi3.o)
                0x0000000000108de0                __umoddi3
 .text          0x0000000000109132       0x64 /opt/riscv32imc/bin/../lib/gcc/riscv32-unknown-elf/8.2.0/libgcc.a(fixdfsi.o)
                0x0000000000109132                __fixdfsi
 .text          0x0000000000109196       0x5c /opt/riscv32imc/bin/../lib/gcc/riscv32-unknown-elf/8.2.0/libgcc.a(fixunsdfsi.o)
                0x0000000000109196                __fixunsdfsi
 .text          0x00000000001091f2      0x180 /opt/riscv32imc/bin/../lib/gcc/riscv32-unknown-elf/8.2.0/libgcc.a(floatdidf.o)
                0x00000000001091f2                __floatdidf
 .text          0x0000000000109372      0x14e /opt/riscv32imc/bin/../lib/gcc/riscv32-unknown-elf/8.2.0/libgcc.a(floatundidf.o)
                0x0000000000109372                __floatundidf
 .text          0x00000000001094c0      0x108 /opt/riscv32imc/bin/../lib/gcc/riscv32-unknown-elf/8.2.0/libgcc.a(floatdisf.o)
                0x00000000001094c0                __floatdisf
 .text          0x00000000001095c8       0xda /opt/riscv32imc/bin/../lib/gcc/riscv32-unknown-elf/8.2.0/libgcc.a(floatundisf.o)
                0x00000000001095c8                __floatundisf
 .text          0x00000000001096a2       0x98 /opt/riscv32imc/bin/../lib/gcc/riscv32-unknown-elf/8.2.0/libgcc.a(extendsfdf2.o)
                0x00000000001096a2                __extendsfdf2
 .text          0x000000000010973a      0x122 /opt/riscv32imc/bin/../lib/gcc/riscv32-unknown-elf/8.2.0/libgcc.a(truncdfsf2.o)
                0x000000000010973a                __truncdfsf2
 .text          0x000000000010985c       0x2a /opt/riscv32imc/bin/../lib/gcc/riscv32-unknown-elf/8.2.0/libgcc.a(_lshrdi3.o)
                0x000000000010985c                __lshrdi3
 .text          0x0000000000109886       0x2a /opt/riscv32imc/bin/../lib/gcc/riscv32-unknown-elf/8.2.0/libgcc.a(_ashldi3.o)
                0x0000000000109886                __ashldi3
 .text          0x00000000001098b0        0x0 /opt/riscv32imc/bin/../lib/gcc/riscv32-unknown-elf/8.2.0/libgcc.a(_clz.o)
 .text          0x00000000001098b0       0x3c /opt/riscv32imc/bin/../lib/gcc/riscv32-unknown-elf/8.2.0/libgcc.a(_clzsi2.o)
                0x00000000001098b0                __clzsi2
 *(.text*)
 *(.rodata)
 *fill*         0x00000000001098ec        0x0 
 .rodata        0x00000000001098ec       0xd8 obj/database.o
                0x00000000001098ec                cal_defaults
                0x00000000001098f8                cal_dbase
                0x0000000000109948                tyCAL
                0x000000000010995c                cal_members
                0x000000000010999c                tyMACADDR
                0x00000000001099b0                tyIPADDR
 .rodata        0x00000000001099c4      0x800 obj/libnklabs/src/nkcrclib.o
 .rodata        0x000000000010a1c4      0x100 obj/libnklabs/src/nkprintf.o
 .rodata        0x000000000010a2c4      0x208 obj/libnklabs/src/nkscan.o
 .rodata        0x000000000010a4cc      0x23c obj/libnklabs/src/nkserialize.o
                0x000000000010a654                tyFLOAT
                0x000000000010a668                tyDOUBLE
                0x000000000010a67c                tyBOOL
                0x000000000010a690                tyUINT16
                0x000000000010a6a4                tyINT16
                0x000000000010a6b8                tyUINT8
                0x000000000010a6cc                tyINT8
                0x000000000010a6e0                tyUINT
                0x000000000010a6f4                tyINT
 .rodata        0x000000000010a708       0x87 obj/nkymodem_cmd.o
                0x000000000010a708                ymodem_file_fw0
                0x000000000010a728                ymodem_file_fw1
                0x000000000010a748                ymodem_file_fpga
                0x000000000010a768                nk_yrecv_str
 *fill*         0x000000000010a78f        0x1 
 .rodata        0x000000000010a790       0x54 obj/tunnel_fpga.o
                0x000000000010a790                fpga_regtable
 .rodata        0x000000000010a7e4       0x2f obj/version.o
                0x000000000010a7e4                git_hash
 *fill*         0x000000000010a813        0x1 
 .rodata        0x000000000010a814      0x100 /opt/riscv32imc/bin/../lib/gcc/riscv32-unknown-elf/8.2.0/libgcc.a(_clz.o)
                0x000000000010a814                __clz_tab
 *(.rodata*)
 .rodata.str1.4
                0x000000000010a914      0x2a3 obj/basic_cmds.o
                                        0x2af (size before relaxing)
 *fill*         0x000000000010abb7        0x1 
 .rodata.str1.4
                0x000000000010abb8      0x311 obj/database.o
                                        0x325 (size before relaxing)
 *fill*         0x000000000010aec9        0x3 
 .rodata.str1.4
                0x000000000010aecc      0x38c obj/fpga.o
                                        0x3a0 (size before relaxing)
 .rodata.str1.4
                0x000000000010b258      0x2b1 obj/info_cmd.o
                                        0x2c5 (size before relaxing)
 *fill*         0x000000000010b509        0x3 
 .rodata.str1.4
                0x000000000010b50c      0x1bb obj/libnklabs/src/nkcli.o
                                        0x1db (size before relaxing)
 *fill*         0x000000000010b6c7        0x1 
 .rodata.str1.4
                0x000000000010b6c8      0x103 obj/libnklabs/src/nkdbase.o
                                        0x10b (size before relaxing)
 *fill*         0x000000000010b7cb        0x1 
 .rodata.str1.4
                0x000000000010b7cc      0x2db obj/libnklabs/src/nkmcuflash.o
                                        0x30f (size before relaxing)
 *fill*         0x000000000010baa7        0x1 
 .rodata.str1.4
                0x000000000010baa8       0x1c obj/libnklabs/src/nkprintf.o
                                         0x28 (size before relaxing)
 .rodata.str1.4
                0x000000000010bac4      0x24b obj/libnklabs/src/nksched.o
                                        0x27b (size before relaxing)
 *fill*         0x000000000010bd0f        0x1 
 .rodata.str1.4
                0x000000000010bd10      0x32c obj/libnklabs/src/nkserialize.o
                                        0x334 (size before relaxing)
 .rodata.str1.4
                0x000000000010c03c      0x21b obj/libnklabs/src/nkymodem.o
                                        0x21f (size before relaxing)
 *fill*         0x000000000010c257        0x1 
 .rodata.str1.4
                0x000000000010c258        0xb obj/main.o
 *fill*         0x000000000010c263        0x1 
 .rodata.str1.4
                0x000000000010c264       0x4c obj/nkuart_riscv.o
 .rodata.str1.4
                0x000000000010c2b0      0x13d obj/nkymodem_cmd.o
                                        0x159 (size before relaxing)
 *fill*         0x000000000010c3ed        0x3 
 .rodata.str1.4
                0x000000000010c3f0      0x570 obj/tunnel_fpga.o
                                        0x58f (size before relaxing)
 *(.srodata)
 .srodata       0x000000000010c960        0xa obj/version.o
                0x000000000010c960                build_minute
                0x000000000010c961                build_hour
                0x000000000010c962                build_day
                0x000000000010c963                build_month
                0x000000000010c964                build_year
                0x000000000010c966                firmware_minor
                0x000000000010c968                firmware_major
 *(.srodata*)
 *(.eh_frame)
 *fill*         0x000000000010c96a        0x2 
 .eh_frame      0x000000000010c96c       0x28 /opt/riscv32imc/bin/../lib/gcc/riscv32-unknown-elf/8.2.0/libgcc.a(_udivdi3.o)
 .eh_frame      0x000000000010c994       0x28 /opt/riscv32imc/bin/../lib/gcc/riscv32-unknown-elf/8.2.0/libgcc.a(_umoddi3.o)
                0x000000000010c9bc                . = ALIGN (0x4)
                0x000000000010c9bc                _etext = .
                0x000000000010c9bc                _sidata = _etext

.rela.dyn       0x000000000010c9bc        0x0
 .rela.text     0x000000000010c9bc        0x0 obj/basic_cmds.o
 .rela.rodata   0x000000000010c9bc        0x0 obj/basic_cmds.o

.data           0x0000000000000100       0xc0 load address 0x000000000010c9bc
                0x0000000000000100                . = ALIGN (0x4)
                0x0000000000000100                _sdata = .
                0x0000000000000100                _ram_start = .
                0x0000000000000100                . = ALIGN (0x4)
 *(.data)
 .data          0x0000000000000100        0x0 obj/basic_cmds.o
 .data          0x0000000000000100        0x0 obj/database.o
 .data          0x0000000000000100        0x0 obj/fpga.o
 .data          0x0000000000000100        0x0 obj/info_cmd.o
 .data          0x0000000000000100        0x0 obj/libnklabs/src/nkchecked.o
 .data          0x0000000000000100        0x0 obj/libnklabs/src/nkcli.o
 .data          0x0000000000000100        0x0 obj/libnklabs/src/nkcrclib.o
 .data          0x0000000000000100        0x0 obj/libnklabs/src/nkdbase.o
 .data          0x0000000000000100        0x0 obj/libnklabs/src/nkdirect.o
 .data          0x0000000000000100        0x0 obj/libnklabs/src/nkinfile.o
 .data          0x0000000000000100        0x0 obj/libnklabs/src/nkmcuflash.o
 .data          0x0000000000000100        0x0 obj/libnklabs/src/nkoutfile.o
 .data          0x0000000000000100       0x38 obj/libnklabs/src/nkprintf.o
 .data          0x0000000000000138        0x0 obj/libnklabs/src/nkreadline.o
 .data          0x0000000000000138        0x0 obj/libnklabs/src/nkscan.o
 .data          0x0000000000000138        0x0 obj/libnklabs/src/nksched.o
 .data          0x0000000000000138        0x0 obj/libnklabs/src/nkserialize.o
 .data          0x0000000000000138        0x0 obj/libnklabs/src/nkstring.o
 .data          0x0000000000000138        0x9 obj/libnklabs/src/nkymodem.o
                0x0000000000000138                TIMEOUT
 .data          0x0000000000000141        0x0 obj/main.o
 .data          0x0000000000000141        0x0 obj/nkarch_riscv.o
 .data          0x0000000000000141        0x0 obj/nkuart_riscv.o
 .data          0x0000000000000141        0x0 obj/nkymodem_cmd.o
 .data          0x0000000000000141        0x0 obj/start.o
 .data          0x0000000000000141        0x0 obj/tunnel_fpga.o
 .data          0x0000000000000141        0x0 obj/version.o
 .data          0x0000000000000141        0x0 /opt/riscv32imc/bin/../lib/gcc/riscv32-unknown-elf/8.2.0/libgcc.a(_udivdi3.o)
 .data          0x0000000000000141        0x0 /opt/riscv32imc/bin/../lib/gcc/riscv32-unknown-elf/8.2.0/libgcc.a(_umoddi3.o)
 .data          0x0000000000000141        0x0 /opt/riscv32imc/bin/../lib/gcc/riscv32-unknown-elf/8.2.0/libgcc.a(fixdfsi.o)
 .data          0x0000000000000141        0x0 /opt/riscv32imc/bin/../lib/gcc/riscv32-unknown-elf/8.2.0/libgcc.a(fixunsdfsi.o)
 .data          0x0000000000000141        0x0 /opt/riscv32imc/bin/../lib/gcc/riscv32-unknown-elf/8.2.0/libgcc.a(floatdidf.o)
 .data          0x0000000000000141        0x0 /opt/riscv32imc/bin/../lib/gcc/riscv32-unknown-elf/8.2.0/libgcc.a(floatundidf.o)
 .data          0x0000000000000141        0x0 /opt/riscv32imc/bin/../lib/gcc/riscv32-unknown-elf/8.2.0/libgcc.a(floatdisf.o)
 .data          0x0000000000000141        0x0 /opt/riscv32imc/bin/../lib/gcc/riscv32-unknown-elf/8.2.0/libgcc.a(floatundisf.o)
 .data          0x0000000000000141        0x0 /opt/riscv32imc/bin/../lib/gcc/riscv32-unknown-elf/8.2.0/libgcc.a(extendsfdf2.o)
 .data          0x0000000000000141        0x0 /opt/riscv32imc/bin/../lib/gcc/riscv32-unknown-elf/8.2.0/libgcc.a(truncdfsf2.o)
 .data          0x0000000000000141        0x0 /opt/riscv32imc/bin/../lib/gcc/riscv32-unknown-elf/8.2.0/libgcc.a(_lshrdi3.o)
 .data          0x0000000000000141        0x0 /opt/riscv32imc/bin/../lib/gcc/riscv32-unknown-elf/8.2.0/libgcc.a(_ashldi3.o)
 .data          0x0000000000000141        0x0 /opt/riscv32imc/bin/../lib/gcc/riscv32-unknown-elf/8.2.0/libgcc.a(_clz.o)
 .data          0x0000000000000141        0x0 /opt/riscv32imc/bin/../lib/gcc/riscv32-unknown-elf/8.2.0/libgcc.a(_clzsi2.o)
 *(.data*)
 *(.sdata)
 .sdata         0x0000000000000141        0x1 obj/libnklabs/src/nkcli.o
                0x0000000000000141                facmode
 *fill*         0x0000000000000142        0x2 
 .sdata         0x0000000000000144        0x4 obj/libnklabs/src/nkinfile.o
                0x0000000000000144                nkinfile_null
 .sdata         0x0000000000000148        0xc obj/libnklabs/src/nkprintf.o
                0x0000000000000148                nkstdnull
                0x000000000000014c                nkstderr
                0x0000000000000150                nkstdout
 .sdata         0x0000000000000154        0x1 obj/libnklabs/src/nkreadline.o
 *(.sdata*)
                0x0000000000000158                . = ALIGN (0x4)
 *fill*         0x0000000000000155        0x3 
                0x0000000000000158                __start_COMMAND_TABLE = .
 *(.COMMAND_TABLE)
 .COMMAND_TABLE
                0x0000000000000158       0x18 obj/basic_cmds.o
 .COMMAND_TABLE
                0x0000000000000170        0x8 obj/database.o
 .COMMAND_TABLE
                0x0000000000000178       0x10 obj/fpga.o
 .COMMAND_TABLE
                0x0000000000000188        0x8 obj/info_cmd.o
 .COMMAND_TABLE
                0x0000000000000190        0x8 obj/libnklabs/src/nkcli.o
 .COMMAND_TABLE
                0x0000000000000198        0x8 obj/libnklabs/src/nkmcuflash.o
 .COMMAND_TABLE
                0x00000000000001a0       0x10 obj/libnklabs/src/nksched.o
 .COMMAND_TABLE
                0x00000000000001b0        0x8 obj/nkymodem_cmd.o
 .COMMAND_TABLE
                0x00000000000001b8        0x8 obj/tunnel_fpga.o
                0x00000000000001c0                __stop_COMMAND_TABLE = .
                0x00000000000001c0                . = ALIGN (0x4)
                0x00000000000001c0                _edata = .

.bss            0x00000000000001c0     0x1728 load address 0x000000000010ca7c
                0x00000000000001c0                . = ALIGN (0x4)
                0x00000000000001c0                _sbss = .
 *(.bss)
 .bss           0x00000000000001c0        0x0 obj/basic_cmds.o
 .bss           0x00000000000001c0        0x0 obj/database.o
 .bss           0x00000000000001c0        0x0 obj/fpga.o
 .bss           0x00000000000001c0        0x0 obj/info_cmd.o
 .bss           0x00000000000001c0        0x0 obj/libnklabs/src/nkchecked.o
 .bss           0x00000000000001c0        0x0 obj/libnklabs/src/nkcli.o
 .bss           0x00000000000001c0        0x0 obj/libnklabs/src/nkcrclib.o
 .bss           0x00000000000001c0        0x0 obj/libnklabs/src/nkdbase.o
 .bss           0x00000000000001c0        0x0 obj/libnklabs/src/nkdirect.o
 .bss           0x00000000000001c0       0x24 obj/libnklabs/src/nkinfile.o
 .bss           0x00000000000001e4        0x0 obj/libnklabs/src/nkmcuflash.o
 .bss           0x00000000000001e4        0x0 obj/libnklabs/src/nkoutfile.o
 .bss           0x00000000000001e4        0x0 obj/libnklabs/src/nkprintf.o
 .bss           0x00000000000001e4      0x480 obj/libnklabs/src/nkreadline.o
 .bss           0x0000000000000664        0x0 obj/libnklabs/src/nkscan.o
 .bss           0x0000000000000664      0x2d0 obj/libnklabs/src/nksched.o
 .bss           0x0000000000000934       0x50 obj/libnklabs/src/nkserialize.o
 .bss           0x0000000000000984        0x0 obj/libnklabs/src/nkstring.o
 .bss           0x0000000000000984      0x190 obj/libnklabs/src/nkymodem.o
 .bss           0x0000000000000b14        0x0 obj/main.o
 .bss           0x0000000000000b14        0x0 obj/nkarch_riscv.o
 .bss           0x0000000000000b14      0x800 obj/nkuart_riscv.o
 .bss           0x0000000000001314      0x485 obj/nkymodem_cmd.o
 .bss           0x0000000000001799        0x0 obj/start.o
 .bss           0x0000000000001799        0x0 obj/tunnel_fpga.o
 .bss           0x0000000000001799        0x0 obj/version.o
 .bss           0x0000000000001799        0x0 /opt/riscv32imc/bin/../lib/gcc/riscv32-unknown-elf/8.2.0/libgcc.a(_udivdi3.o)
 .bss           0x0000000000001799        0x0 /opt/riscv32imc/bin/../lib/gcc/riscv32-unknown-elf/8.2.0/libgcc.a(_umoddi3.o)
 .bss           0x0000000000001799        0x0 /opt/riscv32imc/bin/../lib/gcc/riscv32-unknown-elf/8.2.0/libgcc.a(fixdfsi.o)
 .bss           0x0000000000001799        0x0 /opt/riscv32imc/bin/../lib/gcc/riscv32-unknown-elf/8.2.0/libgcc.a(fixunsdfsi.o)
 .bss           0x0000000000001799        0x0 /opt/riscv32imc/bin/../lib/gcc/riscv32-unknown-elf/8.2.0/libgcc.a(floatdidf.o)
 .bss           0x0000000000001799        0x0 /opt/riscv32imc/bin/../lib/gcc/riscv32-unknown-elf/8.2.0/libgcc.a(floatundidf.o)
 .bss           0x0000000000001799        0x0 /opt/riscv32imc/bin/../lib/gcc/riscv32-unknown-elf/8.2.0/libgcc.a(floatdisf.o)
 .bss           0x0000000000001799        0x0 /opt/riscv32imc/bin/../lib/gcc/riscv32-unknown-elf/8.2.0/libgcc.a(floatundisf.o)
 .bss           0x0000000000001799        0x0 /opt/riscv32imc/bin/../lib/gcc/riscv32-unknown-elf/8.2.0/libgcc.a(extendsfdf2.o)
 .bss           0x0000000000001799        0x0 /opt/riscv32imc/bin/../lib/gcc/riscv32-unknown-elf/8.2.0/libgcc.a(truncdfsf2.o)
 .bss           0x0000000000001799        0x0 /opt/riscv32imc/bin/../lib/gcc/riscv32-unknown-elf/8.2.0/libgcc.a(_lshrdi3.o)
 .bss           0x0000000000001799        0x0 /opt/riscv32imc/bin/../lib/gcc/riscv32-unknown-elf/8.2.0/libgcc.a(_ashldi3.o)
 .bss           0x0000000000001799        0x0 /opt/riscv32imc/bin/../lib/gcc/riscv32-unknown-elf/8.2.0/libgcc.a(_clz.o)
 .bss           0x0000000000001799        0x0 /opt/riscv32imc/bin/../lib/gcc/riscv32-unknown-elf/8.2.0/libgcc.a(_clzsi2.o)
 *(.bss*)
 *(.sbss)
 .sbss          0x0000000000001799        0x1 obj/libnklabs/src/nkcli.o
                0x0000000000001799                cli_disabled
 *fill*         0x000000000000179a        0x2 
 .sbss          0x000000000000179c        0x4 obj/libnklabs/src/nkmcuflash.o
 .sbss          0x00000000000017a0       0x18 obj/libnklabs/src/nkreadline.o
 .sbss          0x00000000000017b8       0x14 obj/libnklabs/src/nksched.o
                0x00000000000017c8                sched_lock
 .sbss          0x00000000000017cc       0x44 obj/libnklabs/src/nkymodem.o
 .sbss          0x0000000000001810       0x10 obj/nkuart_riscv.o
                0x0000000000001810                console_lock
 .sbss          0x0000000000001820        0x8 obj/nkymodem_cmd.o
 *(.sbss*)
 *(COMMON)
 COMMON         0x0000000000001828       0x8d obj/database.o
                0x0000000000001828                xfer_buf
                0x00000000000018a8                cal
                0x00000000000018b4                cal_rev
 *fill*         0x00000000000018b5        0x3 
 COMMON         0x00000000000018b8        0x4 obj/libnklabs/src/nkcli.o
                0x00000000000018b8                nk_cli_tid
 COMMON         0x00000000000018bc        0xc obj/libnklabs/src/nkreadline.o
                0x00000000000018bc                console_tid
                0x00000000000018c0                console_prompt
                0x00000000000018c4                console_callback
 COMMON         0x00000000000018c8        0x4 obj/libnklabs/src/nksched.o
                0x00000000000018c8                test_tid
 COMMON         0x00000000000018cc        0xc obj/nkuart_riscv.o
                0x00000000000018cc                waiting_rx_task
                0x00000000000018d0                waiting_rx_task_data
                0x00000000000018d4                waiting_rx_tid
 COMMON         0x00000000000018d8        0xc obj/nkymodem_cmd.o
                0x00000000000018d8                ymodem_file
 COMMON         0x00000000000018e4        0x1 obj/tunnel_fpga.o
                0x00000000000018e4                tag
                0x00000000000018e8                . = ALIGN (0x4)
 *fill*         0x00000000000018e5        0x3 
                0x00000000000018e8                _ebss = .

.heap           0x00000000000018e8        0x0
                0x00000000000018e8                . = ALIGN (0x4)
                0x00000000000018e8                _heap_start = .
LOAD obj/basic_cmds.o
LOAD obj/database.o
LOAD obj/fpga.o
LOAD obj/info_cmd.o
LOAD obj/libnklabs/src/nkchecked.o
LOAD obj/libnklabs/src/nkcli.o
LOAD obj/libnklabs/src/nkcrclib.o
LOAD obj/libnklabs/src/nkdbase.o
LOAD obj/libnklabs/src/nkdirect.o
LOAD obj/libnklabs/src/nkinfile.o
LOAD obj/libnklabs/src/nkmcuflash.o
LOAD obj/libnklabs/src/nkoutfile.o
LOAD obj/libnklabs/src/nkprintf.o
LOAD obj/libnklabs/src/nkreadline.o
LOAD obj/libnklabs/src/nkscan.o
LOAD obj/libnklabs/src/nksched.o
LOAD obj/libnklabs/src/nkserialize.o
LOAD obj/libnklabs/src/nkstring.o
LOAD obj/libnklabs/src/nkymodem.o
LOAD obj/main.o
LOAD obj/nkarch_riscv.o
LOAD obj/nkuart_riscv.o
LOAD obj/nkymodem_cmd.o
LOAD obj/start.o
LOAD obj/tunnel_fpga.o
LOAD obj/version.o
LOAD /opt/riscv32imc/bin/../lib/gcc/riscv32-unknown-elf/8.2.0/libgcc.a
OUTPUT(ulx3s.elf elf32-littleriscv)

.comment        0x0000000000000000       0x11
 .comment       0x0000000000000000       0x11 obj/basic_cmds.o
                                         0x12 (size before relaxing)
 .comment       0x0000000000000011       0x12 obj/database.o
 .comment       0x0000000000000011       0x12 obj/fpga.o
 .comment       0x0000000000000011       0x12 obj/info_cmd.o
 .comment       0x0000000000000011       0x12 obj/libnklabs/src/nkchecked.o
 .comment       0x0000000000000011       0x12 obj/libnklabs/src/nkcli.o
 .comment       0x0000000000000011       0x12 obj/libnklabs/src/nkcrclib.o
 .comment       0x0000000000000011       0x12 obj/libnklabs/src/nkdbase.o
 .comment       0x0000000000000011       0x12 obj/libnklabs/src/nkdirect.o
 .comment       0x0000000000000011       0x12 obj/libnklabs/src/nkinfile.o
 .comment       0x0000000000000011       0x12 obj/libnklabs/src/nkmcuflash.o
 .comment       0x0000000000000011       0x12 obj/libnklabs/src/nkoutfile.o
 .comment       0x0000000000000011       0x12 obj/libnklabs/src/nkprintf.o
 .comment       0x0000000000000011       0x12 obj/libnklabs/src/nkreadline.o
 .comment       0x0000000000000011       0x12 obj/libnklabs/src/nkscan.o
 .comment       0x0000000000000011       0x12 obj/libnklabs/src/nksched.o
 .comment       0x0000000000000011       0x12 obj/libnklabs/src/nkserialize.o
 .comment       0x0000000000000011       0x12 obj/libnklabs/src/nkstring.o
 .comment       0x0000000000000011       0x12 obj/libnklabs/src/nkymodem.o
 .comment       0x0000000000000011       0x12 obj/main.o
 .comment       0x0000000000000011       0x12 obj/nkarch_riscv.o
 .comment       0x0000000000000011       0x12 obj/nkuart_riscv.o
 .comment       0x0000000000000011       0x12 obj/nkymodem_cmd.o
 .comment       0x0000000000000011       0x12 obj/tunnel_fpga.o
 .comment       0x0000000000000011       0x12 obj/version.o
 .comment       0x0000000000000011       0x12 /opt/riscv32imc/bin/../lib/gcc/riscv32-unknown-elf/8.2.0/libgcc.a(_udivdi3.o)
 .comment       0x0000000000000011       0x12 /opt/riscv32imc/bin/../lib/gcc/riscv32-unknown-elf/8.2.0/libgcc.a(_umoddi3.o)
 .comment       0x0000000000000011       0x12 /opt/riscv32imc/bin/../lib/gcc/riscv32-unknown-elf/8.2.0/libgcc.a(fixdfsi.o)
 .comment       0x0000000000000011       0x12 /opt/riscv32imc/bin/../lib/gcc/riscv32-unknown-elf/8.2.0/libgcc.a(fixunsdfsi.o)
 .comment       0x0000000000000011       0x12 /opt/riscv32imc/bin/../lib/gcc/riscv32-unknown-elf/8.2.0/libgcc.a(floatdidf.o)
 .comment       0x0000000000000011       0x12 /opt/riscv32imc/bin/../lib/gcc/riscv32-unknown-elf/8.2.0/libgcc.a(floatundidf.o)
 .comment       0x0000000000000011       0x12 /opt/riscv32imc/bin/../lib/gcc/riscv32-unknown-elf/8.2.0/libgcc.a(floatdisf.o)
 .comment       0x0000000000000011       0x12 /opt/riscv32imc/bin/../lib/gcc/riscv32-unknown-elf/8.2.0/libgcc.a(floatundisf.o)
 .comment       0x0000000000000011       0x12 /opt/riscv32imc/bin/../lib/gcc/riscv32-unknown-elf/8.2.0/libgcc.a(extendsfdf2.o)
 .comment       0x0000000000000011       0x12 /opt/riscv32imc/bin/../lib/gcc/riscv32-unknown-elf/8.2.0/libgcc.a(truncdfsf2.o)
 .comment       0x0000000000000011       0x12 /opt/riscv32imc/bin/../lib/gcc/riscv32-unknown-elf/8.2.0/libgcc.a(_lshrdi3.o)
 .comment       0x0000000000000011       0x12 /opt/riscv32imc/bin/../lib/gcc/riscv32-unknown-elf/8.2.0/libgcc.a(_ashldi3.o)
 .comment       0x0000000000000011       0x12 /opt/riscv32imc/bin/../lib/gcc/riscv32-unknown-elf/8.2.0/libgcc.a(_clz.o)
 .comment       0x0000000000000011       0x12 /opt/riscv32imc/bin/../lib/gcc/riscv32-unknown-elf/8.2.0/libgcc.a(_clzsi2.o)

Cross Reference Table

Symbol                                            File
TIMEOUT                                           obj/libnklabs/src/nkymodem.o
__ashldi3                                         /opt/riscv32imc/bin/../lib/gcc/riscv32-unknown-elf/8.2.0/libgcc.a(_ashldi3.o)
                                                  /opt/riscv32imc/bin/../lib/gcc/riscv32-unknown-elf/8.2.0/libgcc.a(floatundisf.o)
                                                  /opt/riscv32imc/bin/../lib/gcc/riscv32-unknown-elf/8.2.0/libgcc.a(floatdisf.o)
                                                  /opt/riscv32imc/bin/../lib/gcc/riscv32-unknown-elf/8.2.0/libgcc.a(floatundidf.o)
                                                  /opt/riscv32imc/bin/../lib/gcc/riscv32-unknown-elf/8.2.0/libgcc.a(floatdidf.o)
__clz_tab                                         /opt/riscv32imc/bin/../lib/gcc/riscv32-unknown-elf/8.2.0/libgcc.a(_clz.o)
                                                  /opt/riscv32imc/bin/../lib/gcc/riscv32-unknown-elf/8.2.0/libgcc.a(_clzsi2.o)
                                                  /opt/riscv32imc/bin/../lib/gcc/riscv32-unknown-elf/8.2.0/libgcc.a(_umoddi3.o)
                                                  /opt/riscv32imc/bin/../lib/gcc/riscv32-unknown-elf/8.2.0/libgcc.a(_udivdi3.o)
__clzsi2                                          /opt/riscv32imc/bin/../lib/gcc/riscv32-unknown-elf/8.2.0/libgcc.a(_clzsi2.o)
                                                  /opt/riscv32imc/bin/../lib/gcc/riscv32-unknown-elf/8.2.0/libgcc.a(extendsfdf2.o)
                                                  /opt/riscv32imc/bin/../lib/gcc/riscv32-unknown-elf/8.2.0/libgcc.a(floatundisf.o)
                                                  /opt/riscv32imc/bin/../lib/gcc/riscv32-unknown-elf/8.2.0/libgcc.a(floatdisf.o)
                                                  /opt/riscv32imc/bin/../lib/gcc/riscv32-unknown-elf/8.2.0/libgcc.a(floatundidf.o)
                                                  /opt/riscv32imc/bin/../lib/gcc/riscv32-unknown-elf/8.2.0/libgcc.a(floatdidf.o)
__extendsfdf2                                     /opt/riscv32imc/bin/../lib/gcc/riscv32-unknown-elf/8.2.0/libgcc.a(extendsfdf2.o)
                                                  obj/libnklabs/src/nkserialize.o
__fixdfsi                                         /opt/riscv32imc/bin/../lib/gcc/riscv32-unknown-elf/8.2.0/libgcc.a(fixdfsi.o)
                                                  obj/libnklabs/src/nkserialize.o
__fixunsdfsi                                      /opt/riscv32imc/bin/../lib/gcc/riscv32-unknown-elf/8.2.0/libgcc.a(fixunsdfsi.o)
                                                  obj/libnklabs/src/nkserialize.o
__floatdidf                                       /opt/riscv32imc/bin/../lib/gcc/riscv32-unknown-elf/8.2.0/libgcc.a(floatdidf.o)
                                                  obj/libnklabs/src/nkserialize.o
__floatdisf                                       /opt/riscv32imc/bin/../lib/gcc/riscv32-unknown-elf/8.2.0/libgcc.a(floatdisf.o)
                                                  obj/libnklabs/src/nkserialize.o
__floatundidf                                     /opt/riscv32imc/bin/../lib/gcc/riscv32-unknown-elf/8.2.0/libgcc.a(floatundidf.o)
                                                  obj/libnklabs/src/nkserialize.o
__floatundisf                                     /opt/riscv32imc/bin/../lib/gcc/riscv32-unknown-elf/8.2.0/libgcc.a(floatundisf.o)
                                                  obj/libnklabs/src/nkserialize.o
__lshrdi3                                         /opt/riscv32imc/bin/../lib/gcc/riscv32-unknown-elf/8.2.0/libgcc.a(_lshrdi3.o)
                                                  /opt/riscv32imc/bin/../lib/gcc/riscv32-unknown-elf/8.2.0/libgcc.a(floatundisf.o)
                                                  /opt/riscv32imc/bin/../lib/gcc/riscv32-unknown-elf/8.2.0/libgcc.a(floatdisf.o)
                                                  /opt/riscv32imc/bin/../lib/gcc/riscv32-unknown-elf/8.2.0/libgcc.a(floatundidf.o)
                                                  /opt/riscv32imc/bin/../lib/gcc/riscv32-unknown-elf/8.2.0/libgcc.a(floatdidf.o)
__start_COMMAND_TABLE                             obj/libnklabs/src/nkcli.o
__stop_COMMAND_TABLE                              obj/libnklabs/src/nkcli.o
__truncdfsf2                                      /opt/riscv32imc/bin/../lib/gcc/riscv32-unknown-elf/8.2.0/libgcc.a(truncdfsf2.o)
                                                  obj/libnklabs/src/nkserialize.o
__udivdi3                                         /opt/riscv32imc/bin/../lib/gcc/riscv32-unknown-elf/8.2.0/libgcc.a(_udivdi3.o)
                                                  obj/libnklabs/src/nkprintf.o
__umoddi3                                         /opt/riscv32imc/bin/../lib/gcc/riscv32-unknown-elf/8.2.0/libgcc.a(_umoddi3.o)
                                                  obj/libnklabs/src/nkprintf.o
_ebss                                             obj/start.o
                                                  obj/info_cmd.o
_edata                                            obj/start.o
                                                  obj/info_cmd.o
_etext                                            obj/info_cmd.o
_nk_fiscan                                        obj/libnklabs/src/nkscan.o
_nk_flush_and_putc                                obj/libnklabs/src/nkoutfile.o
                                                  obj/libnklabs/src/nkserialize.o
                                                  obj/libnklabs/src/nkprintf.o
                                                  obj/libnklabs/src/nkinfile.o
                                                  obj/libnklabs/src/nkdbase.o
_nk_fprintf                                       obj/libnklabs/src/nkprintf.o
                                                  obj/libnklabs/src/nkserialize.o
                                                  obj/libnklabs/src/nkdbase.o
_nk_fscan                                         obj/libnklabs/src/nkscan.o
                                                  obj/tunnel_fpga.o
                                                  obj/nkymodem_cmd.o
                                                  obj/libnklabs/src/nkserialize.o
                                                  obj/libnklabs/src/nksched.o
                                                  obj/libnklabs/src/nkmcuflash.o
                                                  obj/libnklabs/src/nkdbase.o
                                                  obj/libnklabs/src/nkcli.o
                                                  obj/info_cmd.o
                                                  obj/fpga.o
                                                  obj/database.o
                                                  obj/basic_cmds.o
_nk_printf                                        obj/libnklabs/src/nkprintf.o
                                                  obj/tunnel_fpga.o
                                                  obj/nkymodem_cmd.o
                                                  obj/main.o
                                                  obj/libnklabs/src/nkymodem.o
                                                  obj/libnklabs/src/nksched.o
                                                  obj/libnklabs/src/nkmcuflash.o
                                                  obj/libnklabs/src/nkdbase.o
                                                  obj/libnklabs/src/nkcli.o
                                                  obj/info_cmd.o
                                                  obj/fpga.o
                                                  obj/database.o
                                                  obj/basic_cmds.o
_nk_sched                                         obj/libnklabs/src/nksched.o
                                                  obj/nkuart_riscv.o
                                                  obj/libnklabs/src/nkymodem.o
                                                  obj/libnklabs/src/nkcli.o
_nk_sfprintf                                      obj/libnklabs/src/nkprintf.o
_nk_snprintf                                      obj/libnklabs/src/nkprintf.o
                                                  obj/libnklabs/src/nkymodem.o
                                                  obj/libnklabs/src/nkserialize.o
_nk_viscan                                        obj/libnklabs/src/nkscan.o
_nk_vprintf                                       obj/libnklabs/src/nkprintf.o
_nk_vscan                                         obj/libnklabs/src/nkscan.o
_sbss                                             obj/start.o
                                                  obj/info_cmd.o
_sdata                                            obj/start.o
                                                  obj/info_cmd.o
_sidata                                           obj/start.o
atoi                                              obj/nkarch_riscv.o
                                                  obj/nkymodem_cmd.o
                                                  obj/libnklabs/src/nkymodem.o
build_day                                         obj/version.o
                                                  obj/info_cmd.o
build_hour                                        obj/version.o
                                                  obj/info_cmd.o
build_minute                                      obj/version.o
                                                  obj/info_cmd.o
build_month                                       obj/version.o
                                                  obj/info_cmd.o
build_year                                        obj/version.o
                                                  obj/info_cmd.o
cal                                               obj/database.o
cal_dbase                                         obj/database.o
cal_defaults                                      obj/database.o
cal_members                                       obj/database.o
cal_rev                                           obj/database.o
cli_disabled                                      obj/libnklabs/src/nkcli.o
console_callback                                  obj/libnklabs/src/nkreadline.o
console_lock                                      obj/nkuart_riscv.o
console_prompt                                    obj/libnklabs/src/nkreadline.o
console_tid                                       obj/libnklabs/src/nkreadline.o
database_init                                     obj/database.o
                                                  obj/main.o
debug_rcv_status                                  obj/libnklabs/src/nkymodem.o
                                                  obj/nkymodem_cmd.o
facmode                                           obj/libnklabs/src/nkcli.o
                                                  obj/libnklabs/src/nkmcuflash.o
                                                  obj/fpga.o
                                                  obj/basic_cmds.o
firmware_major                                    obj/version.o
                                                  obj/info_cmd.o
firmware_minor                                    obj/version.o
                                                  obj/info_cmd.o
flashio_worker_begin                              obj/start.o
                                                  obj/nkarch_riscv.o
flashio_worker_end                                obj/start.o
                                                  obj/nkarch_riscv.o
fpga_rd                                           obj/fpga.o
                                                  obj/tunnel_fpga.o
fpga_regtable                                     obj/tunnel_fpga.o
                                                  obj/fpga.o
fpga_wr                                           obj/fpga.o
                                                  obj/tunnel_fpga.o
git_hash                                          obj/version.o
                                                  obj/info_cmd.o
irq                                               obj/main.o
                                                  obj/start.o
main                                              obj/main.o
                                                  obj/start.o
memcmp                                            obj/nkarch_riscv.o
memcpy                                            obj/nkarch_riscv.o
                                                  obj/libnklabs/src/nkreadline.o
memmove                                           obj/nkarch_riscv.o
                                                  obj/libnklabs/src/nkreadline.o
memset                                            obj/nkarch_riscv.o
                                                  obj/libnklabs/src/nkymodem.o
nk_alloc_tid                                      obj/libnklabs/src/nksched.o
                                                  obj/libnklabs/src/nkymodem.o
                                                  obj/libnklabs/src/nkcli.o
nk_byte_hex_dump                                  obj/libnklabs/src/nkprintf.o
                                                  obj/libnklabs/src/nkymodem.o
                                                  obj/libnklabs/src/nkmcuflash.o
                                                  obj/fpga.o
                                                  obj/basic_cmds.o
nk_check                                          obj/libnklabs/src/nksched.o
nk_checked_read                                   obj/libnklabs/src/nkchecked.o
                                                  obj/libnklabs/src/nkdbase.o
nk_checked_read_open                              obj/libnklabs/src/nkchecked.o
                                                  obj/libnklabs/src/nkdbase.o
nk_checked_write                                  obj/libnklabs/src/nkchecked.o
                                                  obj/libnklabs/src/nkdbase.o
nk_checked_write_close                            obj/libnklabs/src/nkchecked.o
                                                  obj/libnklabs/src/nkdbase.o
nk_checked_write_open                             obj/libnklabs/src/nkchecked.o
                                                  obj/libnklabs/src/nkdbase.o
nk_cli_disable                                    obj/libnklabs/src/nkcli.o
                                                  obj/libnklabs/src/nkymodem.o
nk_cli_enable                                     obj/libnklabs/src/nkcli.o
                                                  obj/libnklabs/src/nkymodem.o
nk_cli_tid                                        obj/libnklabs/src/nkcli.o
                                                  obj/libnklabs/src/nkymodem.o
nk_complete                                       obj/libnklabs/src/nkcli.o
                                                  obj/libnklabs/src/nkreadline.o
nk_convert_delay                                  obj/nkarch_riscv.o
                                                  obj/libnklabs/src/nksched.o
nk_crc16be_check                                  obj/libnklabs/src/nkcrclib.o
                                                  obj/libnklabs/src/nkymodem.o
nk_crc16be_update                                 obj/libnklabs/src/nkcrclib.o
nk_crc16le_check                                  obj/libnklabs/src/nkcrclib.o
nk_crc16le_update                                 obj/libnklabs/src/nkcrclib.o
nk_crc32be_check                                  obj/libnklabs/src/nkcrclib.o
nk_crc32be_update                                 obj/libnklabs/src/nkcrclib.o
                                                  obj/libnklabs/src/nkmcuflash.o
                                                  obj/libnklabs/src/nkdirect.o
                                                  obj/libnklabs/src/nkchecked.o
nk_crc32le_check                                  obj/libnklabs/src/nkcrclib.o
nk_crc32le_update                                 obj/libnklabs/src/nkcrclib.o
nk_crc8                                           obj/libnklabs/src/nkcrclib.o
nk_dbase_fprint                                   obj/libnklabs/src/nkserialize.o
                                                  obj/database.o
nk_dbase_load                                     obj/libnklabs/src/nkdbase.o
                                                  obj/database.o
nk_dbase_save                                     obj/libnklabs/src/nkdbase.o
                                                  obj/database.o
nk_dbase_serialize                                obj/libnklabs/src/nkserialize.o
                                                  obj/libnklabs/src/nkdbase.o
nk_direct_read                                    obj/libnklabs/src/nkdirect.o
nk_direct_read_open                               obj/libnklabs/src/nkdirect.o
nk_direct_write                                   obj/libnklabs/src/nkdirect.o
                                                  obj/nkymodem_cmd.o
nk_direct_write_close                             obj/libnklabs/src/nkdirect.o
                                                  obj/nkymodem_cmd.o
nk_direct_write_open                              obj/libnklabs/src/nkdirect.o
                                                  obj/nkymodem_cmd.o
nk_fbyte_hex_dump                                 obj/libnklabs/src/nkprintf.o
nk_fcopy                                          obj/libnklabs/src/nkinfile.o
                                                  obj/libnklabs/src/nkserialize.o
nk_fflush                                         obj/libnklabs/src/nkoutfile.o
                                                  obj/libnklabs/src/nkdbase.o
nk_findent                                        obj/libnklabs/src/nkprintf.o
                                                  obj/libnklabs/src/nkserialize.o
nk_fiscan_ident                                   obj/libnklabs/src/nkscan.o
nk_fiscan_word                                    obj/libnklabs/src/nkscan.o
nk_fscan_dec                                      obj/libnklabs/src/nkscan.o
nk_fscan_double                                   obj/libnklabs/src/nkscan.o
                                                  obj/libnklabs/src/nkserialize.o
nk_fscan_escape                                   obj/libnklabs/src/nkscan.o
                                                  obj/libnklabs/src/nkserialize.o
nk_fscan_hex                                      obj/libnklabs/src/nkscan.o
                                                  obj/libnklabs/src/nkserialize.o
nk_fscan_ident                                    obj/libnklabs/src/nkscan.o
nk_fscan_keyval                                   obj/libnklabs/src/nkserialize.o
                                                  obj/libnklabs/src/nkscan.o
nk_fscan_word                                     obj/libnklabs/src/nkscan.o
nk_fscan_ws                                       obj/libnklabs/src/nkscan.o
                                                  obj/libnklabs/src/nkserialize.o
nk_fseek_slow                                     obj/libnklabs/src/nkinfile.o
                                                  obj/libnklabs/src/nkymodem.o
                                                  obj/libnklabs/src/nkserialize.o
                                                  obj/libnklabs/src/nkscan.o
                                                  obj/libnklabs/src/nkdbase.o
nk_get_echo                                       obj/libnklabs/src/nkreadline.o
                                                  obj/basic_cmds.o
nk_get_sched_sleep_mode                           obj/libnklabs/src/nksched.o
nk_get_tid                                        obj/libnklabs/src/nksched.o
nk_get_time                                       obj/nkarch_riscv.o
                                                  obj/nkuart_riscv.o
                                                  obj/libnklabs/src/nksched.o
nk_get_uart_mode                                  obj/nkuart_riscv.o
nk_getc                                           obj/nkuart_riscv.o
                                                  obj/libnklabs/src/nkymodem.o
                                                  obj/libnklabs/src/nkreadline.o
nk_help                                           obj/libnklabs/src/nkcli.o
                                                  obj/libnklabs/src/nkreadline.o
nk_indent                                         obj/libnklabs/src/nkprintf.o
nk_infile_print                                   obj/libnklabs/src/nkinfile.o
nk_init_cli                                       obj/libnklabs/src/nkcli.o
                                                  obj/main.o
nk_init_fpga                                      obj/fpga.o
                                                  obj/main.o
nk_init_mcuflash                                  obj/nkarch_riscv.o
nk_init_sched                                     obj/libnklabs/src/nksched.o
                                                  obj/main.o
nk_init_sched_timer                               obj/nkarch_riscv.o
                                                  obj/libnklabs/src/nksched.o
nk_init_uart                                      obj/nkuart_riscv.o
                                                  obj/main.o
nk_isspace                                        obj/libnklabs/src/nkstring.o
                                                  obj/libnklabs/src/nkscan.o
nk_isxdigit                                       obj/libnklabs/src/nkstring.o
nk_kbhit                                          obj/nkuart_riscv.o
nk_mcuflash_erase                                 obj/nkarch_riscv.o
                                                  obj/nkymodem_cmd.o
                                                  obj/libnklabs/src/nkmcuflash.o
                                                  obj/database.o
nk_mcuflash_read                                  obj/nkarch_riscv.o
                                                  obj/nkymodem_cmd.o
                                                  obj/libnklabs/src/nkmcuflash.o
                                                  obj/database.o
nk_mcuflash_write                                 obj/nkarch_riscv.o
                                                  obj/nkymodem_cmd.o
                                                  obj/libnklabs/src/nkmcuflash.o
                                                  obj/database.o
nk_memicmp                                        obj/libnklabs/src/nkstring.o
nk_putc                                           obj/nkuart_riscv.o
                                                  obj/libnklabs/src/nkymodem.o
                                                  obj/libnklabs/src/nkreadline.o
                                                  obj/libnklabs/src/nkprintf.o
                                                  obj/libnklabs/src/nkcli.o
nk_puts                                           obj/nkuart_riscv.o
                                                  obj/libnklabs/src/nkreadline.o
nk_readline                                       obj/libnklabs/src/nkreadline.o
                                                  obj/libnklabs/src/nkcli.o
nk_resched                                        obj/libnklabs/src/nksched.o
nk_sched_loop                                     obj/libnklabs/src/nksched.o
                                                  obj/main.o
nk_sched_wakeup                                   obj/nkarch_riscv.o
                                                  obj/libnklabs/src/nksched.o
nk_set_echo                                       obj/libnklabs/src/nkreadline.o
                                                  obj/basic_cmds.o
nk_set_sched_sleep_mode                           obj/libnklabs/src/nksched.o
nk_set_uart_callback                              obj/nkuart_riscv.o
                                                  obj/libnklabs/src/nkymodem.o
                                                  obj/libnklabs/src/nkreadline.o
nk_set_uart_mode                                  obj/nkuart_riscv.o
                                                  obj/libnklabs/src/nkymodem.o
nk_stricmp                                        obj/libnklabs/src/nkstring.o
nk_tolower                                        obj/libnklabs/src/nkstring.o
                                                  obj/libnklabs/src/nkscan.o
nk_tolowers                                       obj/libnklabs/src/nkstring.o
nk_uart_read                                      obj/nkuart_riscv.o
nk_uart_write                                     obj/nkuart_riscv.o
nk_udelay                                         obj/nkarch_riscv.o
                                                  obj/libnklabs/src/nkymodem.o
                                                  obj/basic_cmds.o
nk_unsched                                        obj/libnklabs/src/nksched.o
                                                  obj/libnklabs/src/nkymodem.o
nk_xpath                                          obj/libnklabs/src/nkserialize.o
                                                  obj/database.o
nk_yrecv                                          obj/libnklabs/src/nkymodem.o
                                                  obj/nkymodem_cmd.o
nk_yrecv_str                                      obj/nkymodem_cmd.o
nk_ysend_file                                     obj/libnklabs/src/nkymodem.o
nkinfile_null                                     obj/libnklabs/src/nkinfile.o
                                                  obj/libnklabs/src/nksched.o
nkinfile_open                                     obj/libnklabs/src/nkinfile.o
                                                  obj/libnklabs/src/nkdbase.o
nkinfile_open_mem                                 obj/libnklabs/src/nkinfile.o
nkinfile_open_string                              obj/libnklabs/src/nkinfile.o
                                                  obj/libnklabs/src/nkserialize.o
                                                  obj/libnklabs/src/nkcli.o
nkoutfile_open                                    obj/libnklabs/src/nkoutfile.o
                                                  obj/libnklabs/src/nkdbase.o
nkoutfile_open_mem                                obj/libnklabs/src/nkoutfile.o
                                                  obj/libnklabs/src/nkprintf.o
nkstderr                                          obj/libnklabs/src/nkprintf.o
                                                  obj/libnklabs/src/nkserialize.o
                                                  obj/libnklabs/src/nkdbase.o
nkstdnull                                         obj/libnklabs/src/nkprintf.o
nkstdout                                          obj/libnklabs/src/nkprintf.o
                                                  obj/libnklabs/src/nkinfile.o
                                                  obj/database.o
picorv32_timer_irq                                obj/nkarch_riscv.o
                                                  obj/main.o
picorv32_uart_irq                                 obj/nkuart_riscv.o
                                                  obj/main.o
reboot                                            obj/tunnel_fpga.o
                                                  obj/basic_cmds.o
sched_lock                                        obj/libnklabs/src/nksched.o
stpcpy                                            obj/nkarch_riscv.o
strcmp                                            obj/nkarch_riscv.o
                                                  obj/libnklabs/src/nkserialize.o
strcpy                                            obj/nkarch_riscv.o
                                                  obj/nkymodem_cmd.o
                                                  obj/libnklabs/src/nkreadline.o
strlen                                            obj/nkarch_riscv.o
                                                  obj/nkymodem_cmd.o
                                                  obj/libnklabs/src/nkymodem.o
                                                  obj/libnklabs/src/nkreadline.o
                                                  obj/libnklabs/src/nkprintf.o
                                                  obj/libnklabs/src/nkinfile.o
                                                  obj/libnklabs/src/nkcli.o
tag                                               obj/tunnel_fpga.o
test_tid                                          obj/libnklabs/src/nksched.o
tyBOOL                                            obj/libnklabs/src/nkserialize.o
tyCAL                                             obj/database.o
tyDOUBLE                                          obj/libnklabs/src/nkserialize.o
tyFLOAT                                           obj/libnklabs/src/nkserialize.o
tyINT                                             obj/libnklabs/src/nkserialize.o
tyINT16                                           obj/libnklabs/src/nkserialize.o
tyINT8                                            obj/libnklabs/src/nkserialize.o
tyIPADDR                                          obj/database.o
tyMACADDR                                         obj/database.o
tyUINT                                            obj/libnklabs/src/nkserialize.o
tyUINT16                                          obj/libnklabs/src/nkserialize.o
                                                  obj/database.o
tyUINT8                                           obj/libnklabs/src/nkserialize.o
                                                  obj/database.o
waiting_rx_task                                   obj/nkuart_riscv.o
waiting_rx_task_data                              obj/nkuart_riscv.o
waiting_rx_tid                                    obj/nkuart_riscv.o
xfer_buf                                          obj/database.o
ymodem_file                                       obj/nkymodem_cmd.o
                                                  obj/libnklabs/src/nkymodem.o
ymodem_file_fpga                                  obj/nkymodem_cmd.o
ymodem_file_fw0                                   obj/nkymodem_cmd.o
ymodem_file_fw1                                   obj/nkymodem_cmd.o
ymodem_rcv                                        obj/libnklabs/src/nkymodem.o
ymodem_recv_init                                  obj/libnklabs/src/nkymodem.o
